Microchip MPLAB XC8 Compiler V2.36

Linker command line:

--edf=C:\Program Files\Microchip\xc8\v2.36\pic\dat\en_msgs.txt -cn \
  -h+dist/default/debug\labo1_jeremie_hamel.X.debug.sym \
  --cmf=dist/default/debug\labo1_jeremie_hamel.X.debug.cmf -z -Q18F458 \
  -oC:\Users\jerem\AppData\Local\Temp\xcAse3o.4 --defsym=__MPLAB_BUILD=1 \
  -Mdist/default/debug/labo1_jeremie_hamel.X.debug.map \
  --md=C:\Users\jerem\AppData\Local\Temp\xcAse3o.dat -E1 -ver=XC8 Compiler \
  --acfsm=1493 -ACODE=00h-03FFFh,04000h-07D3Fh -ACONST=00h-07D3Fh \
  -ASMALLCONST=0600h-06FFhx119,07D00h-07D3Fh -AMEDIUMCONST=0600h-07D3Fh \
  -ACOMRAM=01h-05Fh -AABS1=00h-05EEh -ABIGRAM=01h-05EEh \
  -ARAM=060h-0FFh,0100h-01FFhx4,0500h-05EEh -ABANK0=060h-0FFh \
  -ABANK1=0100h-01FFh -ABANK2=0200h-02FFh -ABANK3=0300h-03FFh \
  -ABANK4=0400h-04FFh -ABANK5=0500h-05EEh \
  -ASFR=0F00h-0F5Fh,0F60h-0F9Bh,0F9Dh-0FD3h,0FD5h-0FDAh,0FE0h-0FE2h,0FE8h-0FEAh,0FF0h-0FFBh \
  -ABIGSFR=0F00h-0F9Bh,0F9Dh-0FD3h,0FD5h-0FDAh,0FE0h-0FE2h,0FE8h-0FEAh,0FF0h-0FFBh \
  -ACONFIG=0300000h-030000Dh -AIDLOC=0200000h-0200007h \
  -AEEDATA=0F00000h-0F000FFh -peeprom_data=EEDATA \
  -preset_vec=00h,intcode,intcodelo,powerup,init -pramtop=0600h \
  -psmallconst=SMALLCONST -pmediumconst=MEDIUMCONST -pconst=CONST \
  -AFARRAM=00h-00h \
  -prdata=COMRAM,nvrram=COMRAM,nvbit=COMRAM,rbss=COMRAM,rbit=COMRAM \
  -pfarbss=FARRAM,fardata=FARRAM,nvFARRAM=FARRAM \
  -pintsave_regs=BIGRAM,bigbss=BIGRAM,bigdata=BIGRAM -pbss=RAM \
  -pidata=CODE,irdata=CODE,ibigdata=CODE,ifardata=CODE -pparam0=BANK0 \
  C:\Users\jerem\AppData\Local\Temp\xcAse3o.o \
  dist/default/debug\labo1_jeremie_hamel.X.debug.o 

Object code version is 3.11

Machine type is 18F458



                Name                               Link     Load   Length Selector   Space Scale
C:\Users\jerem\AppData\Local\Temp\xcAse3o.o
                idloc                            200000   200000        8        0       5
                config                           300000   300000        E        0       4
                text                                D18      D18        2      30B       0
                init                                  2        2        4        0       0
                reset_vec                             0        0        2        0       0
dist/default/debug\labo1_jeremie_hamel.X.debug.o
                idloc                            200000   200000        8        0       5
                config                           300000   300000        E        0       4
                smallconst                          600      600       16      300       0
                text19                              C8A      C8A       22      30B       0
                text18                              CC2      CC2       16      30B       0
                text17                              CAC      CAC       16      30B       0
                text16                              C66      C66       24      30B       0
                text15                              D0E      D0E        A      30B       0
                text14                              A92      A92       76      30B       0
                text13                              A1A      A1A       78      30B       0
                text12                              D02      D02        C      30B       0
                text11                              7F0      7F0       9C      30B       0
                text10                              CF6      CF6        C      30B       0
                text9                               CD8      CD8       12      30B       0
                text8                               88C      88C       98      30B       0
                text7                               CEA      CEA        C      30B       0
                text6                               B76      B76       58      30B       0
                text5                               736      736       BA      30B       0
                text4                               B08      B08       6E      30B       0
                text3                               C0E      C0E       32      30B       0
                text2                               9A0      9A0       7A      30B       0
                text1                               924      924       7C      30B       0
                text0                               616      616      120      30B       0
                cstackBANK0                          A0       A0       14       60       1
                dataBANK0                            60       60       40       60       1
                cinit                               C40      C40       26      30B       0
                idataBANK0                          BCE      BCE       40      30B       0

TOTAL           Name                               Link     Load   Length     Space
        CLASS   CODE           
                text                                D18      D18        2         0
                init                                  2        2        4         0
                reset_vec                             0        0        2         0
                text19                              C8A      C8A       22         0
                text18                              CC2      CC2       16         0
                text17                              CAC      CAC       16         0
                text16                              C66      C66       24         0
                text15                              D0E      D0E        A         0
                text14                              A92      A92       76         0
                text13                              A1A      A1A       78         0
                text12                              D02      D02        C         0
                text11                              7F0      7F0       9C         0
                text10                              CF6      CF6        C         0
                text9                               CD8      CD8       12         0
                text8                               88C      88C       98         0
                text7                               CEA      CEA        C         0
                text6                               B76      B76       58         0
                text5                               736      736       BA         0
                text4                               B08      B08       6E         0
                text3                               C0E      C0E       32         0
                text2                               9A0      9A0       7A         0
                text1                               924      924       7C         0
                text0                               616      616      120         0
                cinit                               C40      C40       26         0
                idataBANK0                          BCE      BCE       40         0

        CLASS   CONST          

        CLASS   SMALLCONST     
                smallconst                          600      600       16         0

        CLASS   MEDIUMCONST    

        CLASS   COMRAM         

        CLASS   ABS1           

        CLASS   BIGRAM         

        CLASS   RAM            

        CLASS   BANK0          
                cstackBANK0                          A0       A0       14         1
                dataBANK0                            60       60       40         1

        CLASS   BANK1          

        CLASS   BANK2          

        CLASS   BANK3          

        CLASS   BANK4          

        CLASS   BANK5          

        CLASS   SFR            

        CLASS   BIGSFR         

        CLASS   CONFIG         
                config                           300000   300000        E         4

        CLASS   IDLOC          
                idloc                            200000   200000        8         5

        CLASS   EEDATA         

        CLASS   FARRAM         

        CLASS   HEAP           

        CLASS   STACK          



SEGMENTS        Name                           Load    Length   Top    Selector   Space  Class

                reset_vec                      000000  000006  000006         0       0  CODE    
                dataBANK0                      000060  000054  0000B4        60       1  BANK0   
                smallconst                     000600  000016  000616       300       0  SMALLCON
                text0                          000616  000704  000D1A       30B       0  CODE    


UNUSED ADDRESS RANGES

        Name                Unused          Largest block    Delta
        BANK0            0000B4-0000FF               4C
        BANK1            000100-0001FF              100
        BANK2            000200-0002FF              100
        BANK3            000300-0003FF              100
        BANK4            000400-0004FF              100
        BANK5            000500-0005EE               EF
        BIGRAM           000001-00005F               5F
                         0000B4-0005EE              53B
        BIGSFR           000F00-000F9B               9C
                         000F9D-000FD3               37
                         000FD5-000FDA                6
                         000FE0-000FE2                3
                         000FE8-000FEA                3
                         000FF0-000FFB                C
        CODE             000006-0005FF              5FA
                         000D1A-007D3F             32E6
        COMRAM           000001-00005F               5F
        CONST            000006-0005FF              5FA
                         000D1A-007D3F             7026
        EEDATA           F00000-F000FF              100
        MEDIUMCONST      000D1A-007D3F             7026
        RAM              0000B4-0005EE              100
        SFR              000F00-000F9B               60
                         000F9D-000FD3               37
                         000FD5-000FDA                6
                         000FE0-000FE2                3
                         000FE8-000FEA                3
                         000FF0-000FFB                C
        SMALLCONST       000D1A-007D3F              100

                                  Symbol Table

_ADCON1                                                         (abs)        000FC1
_PORTA                                                          (abs)        000F80
_PORTAbits                                                      (abs)        000F80
_PORTBbits                                                      (abs)        000F81
_PORTCbits                                                      (abs)        000F82
_PORTDbits                                                      (abs)        000F83
_RCIF                                                           (abs)        007CF5
_RCREG                                                          (abs)        000FAE
_RCSTAbits                                                      (abs)        000FAB
_SPBRG                                                          (abs)        000FAF
_TRISA                                                          (abs)        000F92
_TRISB                                                          (abs)        000F93
_TRISC                                                          (abs)        000F94
_TRISCbits                                                      (abs)        000F94
_TRISD                                                          (abs)        000F95
_TXREG                                                          (abs)        000FAD
_TXSTAbits                                                      (abs)        000FAC
__HRAM                                                          (abs)        000000
__Habs1                                                         abs1         000000
__Hbank0                                                        bank0        000000
__Hbank1                                                        bank1        000000
__Hbank2                                                        bank2        000000
__Hbank3                                                        bank3        000000
__Hbank4                                                        bank4        000000
__Hbank5                                                        bank5        000000
__Hbigbss                                                       bigbss       000000
__Hbigdata                                                      bigdata      000000
__Hbigram                                                       bigram       000000
__Hbigsfr                                                       bigsfr       000000
__Hbss                                                          bss          000000
__Hcinit                                                        cinit        000000
__Hclrtext                                                      clrtext      000000
__Hcomram                                                       comram       000000
__Hconfig                                                       config       30000E
__Hconst                                                        const        000000
__HcstackBANK0                                                  cstackBANK0  000000
__Hdata                                                         data         000000
__HdataBANK0                                                    dataBANK0    000000
__Heeprom_data                                                  eeprom_data  000000
__Hfarbss                                                       farbss       000000
__Hfardata                                                      fardata      000000
__Hheap                                                         heap         000000
__Hibigdata                                                     ibigdata     000000
__Hidata                                                        idata        000000
__HidataBANK0                                                   idataBANK0   000000
__Hidloc                                                        idloc        200008
__Hifardata                                                     ifardata     000000
__Hinit                                                         init         000006
__Hintcode                                                      intcode      000002
__Hintcode_body                                                 intcode_body 000000
__Hintcodelo                                                    intcodelo    000002
__Hintentry                                                     intentry     000000
__Hintret                                                       intret       000000
__Hintsave_regs                                                 intsave_regs 000000
__Hirdata                                                       irdata       000000
__Hmediumconst                                                  mediumconst  000000
__HnvFARRAM                                                     nvFARRAM     000000
__Hnvbit                                                        nvbit        000000
__Hnvrram                                                       nvrram       000000
__Hparam                                                        param0       000000
__Hparam0                                                       param0       000000
__Hpowerup                                                      powerup      000002
__Hram                                                          ram          000000
__Hramtop                                                       ramtop       000600
__Hrbit                                                         rbit         000000
__Hrbss                                                         rbss         000000
__Hrdata                                                        rdata        000000
__Hreset_vec                                                    reset_vec    000002
__Hsfr                                                          sfr          000000
__Hsmallconst                                                   smallconst   000616
__Hspace_0                                                      (abs)        000D1A
__Hspace_1                                                      (abs)        0000B4
__Hspace_2                                                      (abs)        000000
__Hspace_4                                                      (abs)        60000E
__Hstack                                                        stack        000000
__Hstruct                                                       struct       000000
__Htemp                                                         temp         000000
__Htext                                                         text         000000
__Htext0                                                        text0        000000
__Htext1                                                        text1        000000
__Htext10                                                       text10       000000
__Htext11                                                       text11       000000
__Htext12                                                       text12       000000
__Htext13                                                       text13       000000
__Htext14                                                       text14       000000
__Htext15                                                       text15       000000
__Htext16                                                       text16       000000
__Htext17                                                       text17       000000
__Htext18                                                       text18       000000
__Htext19                                                       text19       000000
__Htext2                                                        text2        000000
__Htext3                                                        text3        000000
__Htext4                                                        text4        000000
__Htext5                                                        text5        000000
__Htext6                                                        text6        000000
__Htext7                                                        text7        000000
__Htext8                                                        text8        000000
__Htext9                                                        text9        000000
__LRAM                                                          (abs)        000001
__Labs1                                                         abs1         000000
__Lbank0                                                        bank0        000000
__Lbank1                                                        bank1        000000
__Lbank2                                                        bank2        000000
__Lbank3                                                        bank3        000000
__Lbank4                                                        bank4        000000
__Lbank5                                                        bank5        000000
__Lbigbss                                                       bigbss       000000
__Lbigdata                                                      bigdata      000000
__Lbigram                                                       bigram       000000
__Lbigsfr                                                       bigsfr       000000
__Lbss                                                          bss          000000
__Lcinit                                                        cinit        000000
__Lclrtext                                                      clrtext      000000
__Lcomram                                                       comram       000000
__Lconfig                                                       config       000000
__Lconst                                                        const        000000
__LcstackBANK0                                                  cstackBANK0  000000
__Ldata                                                         data         000000
__LdataBANK0                                                    dataBANK0    000000
__Leeprom_data                                                  eeprom_data  000000
__Lfarbss                                                       farbss       000000
__Lfardata                                                      fardata      000000
__Lheap                                                         heap         000000
__Libigdata                                                     ibigdata     000000
__Lidata                                                        idata        000000
__LidataBANK0                                                   idataBANK0   000000
__Lidloc                                                        idloc        000000
__Lifardata                                                     ifardata     000000
__Linit                                                         init         000002
__Lintcode                                                      intcode      000002
__Lintcode_body                                                 intcode_body 000000
__Lintcodelo                                                    intcodelo    000002
__Lintentry                                                     intentry     000000
__Lintret                                                       intret       000000
__Lintsave_regs                                                 intsave_regs 000000
__Lirdata                                                       irdata       000000
__Lmediumconst                                                  mediumconst  000000
__LnvFARRAM                                                     nvFARRAM     000000
__Lnvbit                                                        nvbit        000000
__Lnvrram                                                       nvrram       000000
__Lparam                                                        param0       000000
__Lparam0                                                       param0       000000
__Lpowerup                                                      powerup      000002
__Lram                                                          ram          000000
__Lramtop                                                       ramtop       000600
__Lrbit                                                         rbit         000000
__Lrbss                                                         rbss         000000
__Lrdata                                                        rdata        000000
__Lreset_vec                                                    reset_vec    000000
__Lsfr                                                          sfr          000000
__Lsmallconst                                                   smallconst   000600
__Lspace_0                                                      (abs)        000000
__Lspace_1                                                      (abs)        000000
__Lspace_2                                                      (abs)        000000
__Lspace_4                                                      (abs)        000000
__Lstack                                                        stack        000000
__Lstruct                                                       struct       000000
__Ltemp                                                         temp         000000
__Ltext                                                         text         000000
__Ltext0                                                        text0        000000
__Ltext1                                                        text1        000000
__Ltext10                                                       text10       000000
__Ltext11                                                       text11       000000
__Ltext12                                                       text12       000000
__Ltext13                                                       text13       000000
__Ltext14                                                       text14       000000
__Ltext15                                                       text15       000000
__Ltext16                                                       text16       000000
__Ltext17                                                       text17       000000
__Ltext18                                                       text18       000000
__Ltext19                                                       text19       000000
__Ltext2                                                        text2        000000
__Ltext3                                                        text3        000000
__Ltext4                                                        text4        000000
__Ltext5                                                        text5        000000
__Ltext6                                                        text6        000000
__Ltext7                                                        text7        000000
__Ltext8                                                        text8        000000
__Ltext9                                                        text9        000000
__S0                                                            (abs)        000D1A
__S1                                                            (abs)        0000B4
__S4                                                            (abs)        000000
__S5                                                            (abs)        000000
___heap_hi                                                      (abs)        000000
___heap_lo                                                      (abs)        000000
___inthi_sp                                                     stack        000000
___intlo_sp                                                     stack        000000
___param_bank                                                   (abs)        000000
___rparam_used                                                  (abs)        000000
___sp                                                           stack        000000
__accesstop                                                     (abs)        000060
__activetblptr                                                  (abs)        000003
__cntErrataNOP_C:\Users\jerem\AppData\Local\Temp\xcAse3o.o      (abs)        000001
__cntErrataNOP_dist/default/debug\labo1_jeremie_hamel.X.debug.o (abs)        00005A
__end_of__initialization                                        cinit        000C60
__end_of_getch                                                  text19       000CAC
__end_of_init_serie                                             text18       000CD8
__end_of_initialisation                                         text17       000CC2
__end_of_kbhit                                                  text16       000C8A
__end_of_lcd_busy                                               text14       000B08
__end_of_lcd_cacheCurseur                                       text10       000D02
__end_of_lcd_curseurHome                                        text7        000CF6
__end_of_lcd_ecrireDonnees                                      text13       000A92
__end_of_lcd_ecritChar                                          text2        000A1A
__end_of_lcd_effaceAffichage                                    text9        000CEA
__end_of_lcd_gotoXY                                             text8        000924
__end_of_lcd_init                                               text3        000C40
__end_of_lcd_initCGRam                                          text5        0007F0
__end_of_lcd_lireDonnees                                        text15       000D18
__end_of_lcd_putMessage                                         text1        0009A0
__end_of_lcd_resetSequence                                      text4        000B76
__end_of_lcd_strobeEnableBit                                    text12       000D0E
__end_of_lcd_wrCom                                              text11       00088C
__end_of_lcd_wrData                                             text6        000BCE
__end_of_main                                                   text0        000736
__initialization                                                cinit        000C40
__mediumconst                                                   mediumconst  000000
__pcinit                                                        cinit        000C40
__pcstackBANK0                                                  cstackBANK0  0000A0
__pdataBANK0                                                    dataBANK0    000060
__pidataBANK0                                                   idataBANK0   000BCE
__psmallconst                                                   smallconst   000600
__ptext0                                                        text0        000616
__ptext1                                                        text1        000924
__ptext10                                                       text10       000CF6
__ptext11                                                       text11       0007F0
__ptext12                                                       text12       000D02
__ptext13                                                       text13       000A1A
__ptext14                                                       text14       000A92
__ptext15                                                       text15       000D0E
__ptext16                                                       text16       000C66
__ptext17                                                       text17       000CAC
__ptext18                                                       text18       000CC2
__ptext19                                                       text19       000C8A
__ptext2                                                        text2        0009A0
__ptext3                                                        text3        000C0E
__ptext4                                                        text4        000B08
__ptext5                                                        text5        000736
__ptext6                                                        text6        000B76
__ptext7                                                        text7        000CEA
__ptext8                                                        text8        00088C
__ptext9                                                        text9        000CD8
__ramtop                                                        ramtop       000600
__smallconst                                                    smallconst   000600
_getch                                                          text19       000C8A
_init_serie                                                     text18       000CC2
_initialisation                                                 text17       000CAC
_kbhit                                                          text16       000C66
_lcd_busy                                                       text14       000A92
_lcd_cacheCurseur                                               text10       000CF6
_lcd_curseurHome                                                text7        000CEA
_lcd_ecrireDonnees                                              text13       000A1A
_lcd_ecritChar                                                  text2        0009A0
_lcd_effaceAffichage                                            text9        000CD8
_lcd_gotoXY                                                     text8        00088C
_lcd_init                                                       text3        000C0E
_lcd_initCGRam                                                  text5        000736
_lcd_lireDonnees                                                text15       000D0E
_lcd_putMessage                                                 text1        000924
_lcd_resetSequence                                              text4        000B08
_lcd_strobeEnableBit                                            text12       000D02
_lcd_wrCom                                                      text11       0007F0
_lcd_wrData                                                     text6        000B76
_main                                                           text0        000616
_matCGRAM                                                       dataBANK0    000060
end_of_initialization                                           cinit        000C60
getch@c                                                         cstackBANK0  0000A0
intlevel0                                                       text         000D18
intlevel1                                                       text         000D18
intlevel2                                                       text         000D18
intlevel3                                                       text         000D18
isa$std                                                         (abs)        000001
isa$xinst                                                       (abs)        000000
lcd_busy@adresse                                                cstackBANK0  0000A2
lcd_ecrireDonnees@donnee                                        cstackBANK0  0000A1
lcd_ecritChar@car                                               cstackBANK0  0000A8
lcd_ecritChar@posRam                                            cstackBANK0  0000A9
lcd_gotoXY@x                                                    cstackBANK0  0000A9
lcd_gotoXY@y                                                    cstackBANK0  0000A6
lcd_initCGRam@i                                                 cstackBANK0  0000A8
lcd_initCGRam@j                                                 cstackBANK0  0000A9
lcd_putMessage@chaine                                           cstackBANK0  0000AA
lcd_putMessage@j                                                cstackBANK0  0000AE
lcd_wrCom@commande                                              cstackBANK0  0000A5
lcd_wrData@caractere                                            cstackBANK0  0000A4
main@c                                                          cstackBANK0  0000B1
main@i                                                          cstackBANK0  0000B2
stackhi                                                         (abs)        000000
stacklo                                                         (abs)        000000
start                                                           init         000002
start_initialization                                            cinit        000C40


MODULE INFORMATION

Module		Function		Class		Link	Load	Size
serie_458.c
		_init_serie    		CODE           	0CC2	0000	22
		_getch         		CODE           	0C8A	0000	34
		_kbhit         		CODE           	0C66	0000	36

serie_458.c estimated size: 92

Lcd4Lignes.c
		_lcd_ecrireDonnees		CODE           	0A1A	0000	120
		_lcd_busy      		CODE           	0A92	0000	118
		_lcd_curseurHome		CODE           	0CEA	0000	12
		_lcd_initCGRam 		CODE           	0736	0000	186
		_lcd_effaceAffichage		CODE           	0CD8	0000	18
		_lcd_wrData    		CODE           	0B76	0000	88
		_lcd_putMessage		CODE           	0924	0000	124
		_lcd_resetSequence		CODE           	0B08	0000	110
		_lcd_lireDonnees		CODE           	0D0E	0000	10
		_lcd_cacheCurseur		CODE           	0CF6	0000	12
		_lcd_gotoXY    		CODE           	088C	0000	152
		_lcd_wrCom     		CODE           	07F0	0000	156
		_lcd_ecritChar 		CODE           	09A0	0000	122
		_lcd_init      		CODE           	0C0E	0000	50
		_lcd_strobeEnableBit		CODE           	0D02	0000	12

Lcd4Lignes.c estimated size: 1290

shared
		__initialization		CODE           	0C40	0000	32

shared estimated size: 32

main.c
		_initialisation		CODE           	0CAC	0000	22
		_main          		CODE           	0616	0000	288

main.c estimated size: 310

