Microchip MPLAB XC8 Compiler V2.36

Linker command line:

-W-3 --edf=C:\Program Files\Microchip\xc8\v2.36\pic\dat\en_msgs.txt -cn \
  -h+dist/Mini_board_config/debug\int1.X.debug.sym \
  --cmf=dist/Mini_board_config/debug\int1.X.debug.cmf -z -Q18F45K20 \
  -oC:\Users\jerem\AppData\Local\Temp\xcAsc6c.4 --defsym=__MPLAB_BUILD=1 \
  -Mdist/Mini_board_config/debug/int1.X.debug.map \
  --md=C:\Users\jerem\AppData\Local\Temp\xcAsc6c.dat -E1 -ver=XC8 Compiler \
  --acfsm=1493 -ACODE=00h-07D3Fh -ACONST=00h-07D3Fh \
  -ASMALLCONST=0600h-06FFhx119,07D00h-07D3Fh -AMEDIUMCONST=0600h-07D3Fh \
  -ACOMRAM=01h-05Fh -AABS1=00h-05EEh -ABIGRAM=01h-05EEh \
  -ARAM=060h-0FFh,0100h-01FFhx4,0500h-05EEh -ABANK0=060h-0FFh \
  -ABANK1=0100h-01FFh -ABANK2=0200h-02FFh -ABANK3=0300h-03FFh \
  -ABANK4=0400h-04FFh -ABANK5=0500h-05EEh \
  -ASFR=0F60h-0F9Bh,0F9Dh-0FD3h,0FD5h-0FDAh,0FE0h-0FE2h,0FE8h-0FEAh,0FF0h-0FFBh \
  -ABIGSFR=0F60h-0F9Bh,0F9Dh-0FD3h,0FD5h-0FDAh,0FE0h-0FE2h,0FE8h-0FEAh,0FF0h-0FFBh \
  -ACONFIG=0300000h-030000Dh -AIDLOC=0200000h-0200007h \
  -AEEDATA=0F00000h-0F000FFh -peeprom_data=EEDATA \
  -preset_vec=00h,intcode=08h,intcodelo,powerup,init -pramtop=0600h \
  -psmallconst=SMALLCONST -pmediumconst=MEDIUMCONST -pconst=CONST \
  -AFARRAM=00h-00h \
  -prdata=COMRAM,nvrram=COMRAM,nvbit=COMRAM,rbss=COMRAM,rbit=COMRAM \
  -pfarbss=FARRAM,fardata=FARRAM,nvFARRAM=FARRAM \
  -pintsave_regs=BIGRAM,bigbss=BIGRAM,bigdata=BIGRAM -pbss=RAM \
  -pidata=CODE,irdata=CODE,ibigdata=CODE,ifardata=CODE -pparam0=BANK0 \
  C:\Users\jerem\AppData\Local\Temp\xcAsc6c.o \
  dist/Mini_board_config/debug\int1.X.debug.o 

Object code version is 3.11

Machine type is 18F45K20



                Name                               Link     Load   Length Selector   Space Scale
C:\Users\jerem\AppData\Local\Temp\xcAsc6c.o
                idloc                            200000   200000        8        0       5
                config                           300000   300000        E        0       4
                init                                 36       36        4        4       0
                reset_vec                             0        0        6        0       0
dist/Mini_board_config/debug\int1.X.debug.o
                intcode                               8        8       2E        4       0
                idloc                            200000   200000        8        0       5
                config                           300000   300000        E        0       4
                temp                                  1        1        1        1       1
                text1                                3A       3A       1A        4       0
                text0                                54       54       14        4       0
                bssBANK0                             60       60        1       60       1
                cinit                                68       68        E        4       0

TOTAL           Name                               Link     Load   Length     Space
        CLASS   CODE           
                intcode                               8        8       2E         0
                init                                 36       36        4         0
                reset_vec                             0        0        6         0
                text1                                3A       3A       1A         0
                text0                                54       54       14         0
                cinit                                68       68        E         0

        CLASS   CONST          

        CLASS   SMALLCONST     

        CLASS   MEDIUMCONST    

        CLASS   COMRAM         
                temp                                  1        1        1         1

        CLASS   ABS1           

        CLASS   BIGRAM         

        CLASS   RAM            

        CLASS   BANK0          
                bssBANK0                             60       60        1         1

        CLASS   BANK1          

        CLASS   BANK2          

        CLASS   BANK3          

        CLASS   BANK4          

        CLASS   BANK5          

        CLASS   SFR            

        CLASS   BIGSFR         

        CLASS   CONFIG         
                config                           300000   300000        E         4

        CLASS   IDLOC          
                idloc                            200000   200000        8         5

        CLASS   EEDATA         

        CLASS   FARRAM         

        CLASS   HEAP           

        CLASS   STACK          



SEGMENTS        Name                           Load    Length   Top    Selector   Space  Class

                reset_vec                      000000  000006  000006         0       0  CODE    
                temp                           000001  000001  000002         1       1  COMRAM  
                intcode                        000008  00006E  000076         4       0  CODE    
                bssBANK0                       000060  000001  000061        60       1  BANK0   


UNUSED ADDRESS RANGES

        Name                Unused          Largest block    Delta
        BANK0            000061-0000FF               9F
        BANK1            000100-0001FF              100
        BANK2            000200-0002FF              100
        BANK3            000300-0003FF              100
        BANK4            000400-0004FF              100
        BANK5            000500-0005EE               EF
        BIGRAM           000002-00005F               5E
                         000061-0005EE              58E
        BIGSFR           000F60-000F9B               3C
                         000F9D-000FD3               37
                         000FD5-000FDA                6
                         000FE0-000FE2                3
                         000FE8-000FEA                3
                         000FF0-000FFB                C
        CODE             000006-000007                2
                         000076-007D3F             7CCA
        COMRAM           000002-00005F               5E
        CONST            000006-000007                2
                         000076-007D3F             7CCA
        EEDATA           F00000-F000FF              100
        MEDIUMCONST      000600-007D3F             7740
        RAM              000061-0005EE              100
        SFR              000F60-000F9B               3C
                         000F9D-000FD3               37
                         000FD5-000FDA                6
                         000FE0-000FE2                3
                         000FE8-000FEA                3
                         000FF0-000FFB                C
        SMALLCONST       000600-007D3F              100

                                  Symbol Table

_ANSELH                  (abs)        000F7F
_INTCON2bits             (abs)        000FF1
_INTCON3bits             (abs)        000FF0
_INTCONbits              (abs)        000FF2
_PORTD                   (abs)        000F83
_TRISBbits               (abs)        000F93
_TRISD                   (abs)        000F95
__HRAM                   (abs)        000000
__Habs1                  abs1         000000
__Hbank0                 bank0        000000
__Hbank1                 bank1        000000
__Hbank2                 bank2        000000
__Hbank3                 bank3        000000
__Hbank4                 bank4        000000
__Hbank5                 bank5        000000
__Hbigbss                bigbss       000000
__Hbigdata               bigdata      000000
__Hbigram                bigram       000000
__Hbigsfr                bigsfr       000000
__Hbss                   bss          000000
__HbssBANK0              bssBANK0     000000
__Hcinit                 cinit        000000
__Hclrtext               clrtext      000000
__Hcomram                comram       000000
__Hconfig                config       30000E
__Hconst                 const        000000
__HcstackBANK0           cstackBANK0  000000
__Hdata                  data         000000
__Heeprom_data           eeprom_data  000000
__Hfarbss                farbss       000000
__Hfardata               fardata      000000
__Hheap                  heap         000000
__Hibigdata              ibigdata     000000
__Hidata                 idata        000000
__Hidloc                 idloc        200008
__Hifardata              ifardata     000000
__Hinit                  init         00003A
__Hintcode               intcode      000036
__Hintcode_body          intcode_body 000000
__Hintcodelo             intcodelo    000036
__Hintentry              intentry     000000
__Hintret                intret       000000
__Hintsave_regs          intsave_regs 000000
__Hirdata                irdata       000000
__Hmediumconst           mediumconst  000000
__HnvFARRAM              nvFARRAM     000000
__Hnvbit                 nvbit        000000
__Hnvrram                nvrram       000000
__Hparam                 param0       000000
__Hparam0                param0       000000
__Hpowerup               powerup      000036
__Hram                   ram          000000
__Hramtop                ramtop       000600
__Hrbit                  rbit         000000
__Hrbss                  rbss         000000
__Hrdata                 rdata        000000
__Hreset_vec             reset_vec    000006
__Hsfr                   sfr          000000
__Hsmallconst            smallconst   000000
__Hspace_0               (abs)        000600
__Hspace_1               (abs)        000061
__Hspace_2               (abs)        000000
__Hspace_4               (abs)        60000E
__Hstack                 stack        000000
__Hstruct                struct       000000
__Htemp                  temp         000002
__Htext                  text         000000
__Htext0                 text0        000000
__Htext1                 text1        000000
__LRAM                   (abs)        000001
__Labs1                  abs1         000000
__Lbank0                 bank0        000000
__Lbank1                 bank1        000000
__Lbank2                 bank2        000000
__Lbank3                 bank3        000000
__Lbank4                 bank4        000000
__Lbank5                 bank5        000000
__Lbigbss                bigbss       000000
__Lbigdata               bigdata      000000
__Lbigram                bigram       000000
__Lbigsfr                bigsfr       000000
__Lbss                   bss          000000
__LbssBANK0              bssBANK0     000000
__Lcinit                 cinit        000000
__Lclrtext               clrtext      000000
__Lcomram                comram       000000
__Lconfig                config       000000
__Lconst                 const        000000
__LcstackBANK0           cstackBANK0  000000
__Ldata                  data         000000
__Leeprom_data           eeprom_data  000000
__Lfarbss                farbss       000000
__Lfardata               fardata      000000
__Lheap                  heap         000000
__Libigdata              ibigdata     000000
__Lidata                 idata        000000
__Lidloc                 idloc        000000
__Lifardata              ifardata     000000
__Linit                  init         000036
__Lintcode               intcode      000008
__Lintcode_body          intcode_body 000000
__Lintcodelo             intcodelo    000036
__Lintentry              intentry     000000
__Lintret                intret       000000
__Lintsave_regs          intsave_regs 000000
__Lirdata                irdata       000000
__Lmediumconst           mediumconst  000000
__LnvFARRAM              nvFARRAM     000000
__Lnvbit                 nvbit        000000
__Lnvrram                nvrram       000000
__Lparam                 param0       000000
__Lparam0                param0       000000
__Lpowerup               powerup      000036
__Lram                   ram          000000
__Lramtop                ramtop       000600
__Lrbit                  rbit         000000
__Lrbss                  rbss         000000
__Lrdata                 rdata        000000
__Lreset_vec             reset_vec    000000
__Lsfr                   sfr          000000
__Lsmallconst            smallconst   000000
__Lspace_0               (abs)        000000
__Lspace_1               (abs)        000000
__Lspace_2               (abs)        000000
__Lspace_4               (abs)        000000
__Lstack                 stack        000000
__Lstruct                struct       000000
__Ltemp                  temp         000001
__Ltext                  text         000000
__Ltext0                 text0        000000
__Ltext1                 text1        000000
__S0                     (abs)        000076
__S1                     (abs)        000061
__S4                     (abs)        000000
__S5                     (abs)        000000
___heap_hi               (abs)        000000
___heap_lo               (abs)        000000
___inthi_sp              stack        000000
___intlo_sp              stack        000000
___param_bank            (abs)        000000
___rparam_used           (abs)        000000
___sp                    stack        000000
__accesstop              (abs)        000060
__activetblptr           (abs)        000003
__end_of__initialization cinit        00006C
__end_of_high_isr        intcode      000036
__end_of_initialisation  text1        000054
__end_of_main            text0        000068
__initialization         cinit        000068
__mediumconst            mediumconst  000000
__pbssBANK0              bssBANK0     000060
__pcinit                 cinit        000068
__pcstackBANK0           cstackBANK0  000000
__pintcode               intcode      000008
__ptext0                 text0        000054
__ptext1                 text1        00003A
__ramtop                 ramtop       000600
__smallconst             smallconst   000000
_g_nbInt0                bssBANK0     000060
_high_isr                intcode      000008
_initialisation          text1        00003A
_main                    text0        000054
btemp                    temp         000001
end_of_initialization    cinit        00006C
int$flags                temp         000001
intlevel0                text         000000
intlevel1                text         000000
intlevel2                text         000000
intlevel3                text         000000
isa$std                  (abs)        000001
isa$xinst                (abs)        000000
stackhi                  (abs)        000000
stacklo                  (abs)        000000
start                    init         000036
start_initialization     cinit        000068
ttemp5                   temp         000002
ttemp6                   temp         000005
ttemp7                   temp         000009
wtemp8                   temp         000002


MODULE INFORMATION

Module		Function		Class		Link	Load	Size
interrupts.c
		_high_isr      		CODE           	0008	0000	46

interrupts.c estimated size: 46

shared
		__initialization		CODE           	0068	0000	4

shared estimated size: 4

main.c
		_initialisation		CODE           	003A	0000	26
		_main          		CODE           	0054	0000	20

main.c estimated size: 46

