Microchip MPLAB XC8 Compiler V2.40

Linker command line:

--edf=C:\Program Files\Microchip\xc8\v2.40\pic\dat\20220703182018_en.msgs \
  -cn -h+dist/default/production\Gabarit_458_Lab.X.production.sym \
  --cmf=dist/default/production\Gabarit_458_Lab.X.production.cmf -z \
  -Q18F458 -oC:\Users\beaulibe\AppData\Local\Temp\xcAs4q8.4 \
  --defsym=__MPLAB_BUILD=1 --fixupoverflow=error \
  -Mdist/default/production/Gabarit_458_Lab.X.production.map \
  --md=C:\Users\beaulibe\AppData\Local\Temp\xcAs4q8.dat -E1 \
  -ver=XC8 Compiler --acfsm=1493 -ACODE=00h-03FFFhx2 -ACONST=00h-07FFFh \
  -ASMALLCONST=0600h-06FFhx122 -AMEDIUMCONST=0600h-07FFFh -ACOMRAM=01h-05Fh \
  -AABS1=00h-05FFh -ABIGRAM=01h-05FFh -ARAM=060h-0FFh,0100h-01FFhx5 \
  -ABANK0=060h-0FFh -ABANK1=0100h-01FFh -ABANK2=0200h-02FFh \
  -ABANK3=0300h-03FFh -ABANK4=0400h-04FFh -ABANK5=0500h-05FFh \
  -ASFR=0F00h-0F5Fh,0F60h-0FFFh -ABIGSFR=0F00h-0FFFh \
  -ACONFIG=0300000h-030000Dh -AIDLOC=0200000h-0200007h \
  -AEEDATA=0F00000h-0F000FFh -peeprom_data=EEDATA \
  -preset_vec=00h,intcode,intcodelo,powerup,init -pramtop=0600h \
  -psmallconst=SMALLCONST -pmediumconst=MEDIUMCONST -pconst=CONST \
  -AFARRAM=00h-00h \
  -prdata=COMRAM,nvrram=COMRAM,nvbit=COMRAM,rbss=COMRAM,rbit=COMRAM \
  -pfarbss=FARRAM,fardata=FARRAM,nvFARRAM=FARRAM \
  -pintsave_regs=BIGRAM,bigbss=BIGRAM,bigdata=BIGRAM -pbss=RAM \
  -pidata=CODE,irdata=CODE,ibigdata=CODE,ifardata=CODE -pparam0=BANK0 \
  C:\Users\beaulibe\AppData\Local\Temp\xcAs4q8.o \
  dist/default/production\Gabarit_458_Lab.X.production.o 

Object code version is 3.11

Machine type is 18F458



                Name                               Link     Load   Length Selector   Space Scale
C:\Users\beaulibe\AppData\Local\Temp\xcAs4q8.o
                idloc                            200000   200000        8        0       5
                config                           300000   300000        E        0       4
                text                                B0A      B0A        2      309       0
                init                                  2        2        4        0       0
                reset_vec                             0        0        2        0       0
dist/default/production\Gabarit_458_Lab.X.production.o
                idloc                            200000   200000        8        0       5
                config                           300000   300000        E        0       4
                smallconst                          600      600       12      300       0
                text14                              ACC      ACC       16      309       0
                text13                              B04      B04        6      309       0
                text12                              AFA      AFA        A      309       0
                text11                              8D2      8D2       76      309       0
                text10                              85A      85A       78      309       0
                text9                               AEE      AEE        C      309       0
                text8                               6C8      6C8       9C      309       0
                text7                               AE2      AE2        C      309       0
                text6                               9B6      9B6       58      309       0
                text5                               612      612       B6      309       0
                text4                               948      948       6E      309       0
                text3                               A4E      A4E       32      309       0
                text2                               7E0      7E0       7A      309       0
                text1                               764      764       7C      309       0
                text0                               AA6      AA6       26      309       0
                cstackBANK0                          A0       A0        F       60       1
                dataBANK0                            60       60       40       60       1
                cinit                               A80      A80       26      309       0
                idataBANK0                          A0E      A0E       40      309       0

TOTAL           Name                               Link     Load   Length     Space
        CLASS   CODE           
                text                                B0A      B0A        2         0
                init                                  2        2        4         0
                reset_vec                             0        0        2         0
                text14                              ACC      ACC       16         0
                text13                              B04      B04        6         0
                text12                              AFA      AFA        A         0
                text11                              8D2      8D2       76         0
                text10                              85A      85A       78         0
                text9                               AEE      AEE        C         0
                text8                               6C8      6C8       9C         0
                text7                               AE2      AE2        C         0
                text6                               9B6      9B6       58         0
                text5                               612      612       B6         0
                text4                               948      948       6E         0
                text3                               A4E      A4E       32         0
                text2                               7E0      7E0       7A         0
                text1                               764      764       7C         0
                text0                               AA6      AA6       26         0
                cinit                               A80      A80       26         0
                idataBANK0                          A0E      A0E       40         0

        CLASS   CONST          

        CLASS   SMALLCONST     
                smallconst                          600      600       12         0

        CLASS   MEDIUMCONST    

        CLASS   COMRAM         

        CLASS   ABS1           

        CLASS   BIGRAM         

        CLASS   RAM            

        CLASS   BANK0          
                cstackBANK0                          A0       A0        F         1
                dataBANK0                            60       60       40         1

        CLASS   BANK1          

        CLASS   BANK2          

        CLASS   BANK3          

        CLASS   BANK4          

        CLASS   BANK5          

        CLASS   SFR            

        CLASS   BIGSFR         

        CLASS   CONFIG         
                config                           300000   300000        E         4

        CLASS   IDLOC          
                idloc                            200000   200000        8         5

        CLASS   EEDATA         

        CLASS   FARRAM         

        CLASS   HEAP           

        CLASS   STACK          



SEGMENTS        Name                           Load    Length   Top    Selector   Space  Class

                reset_vec                      000000  000006  000006         0       0  CODE    
                dataBANK0                      000060  00004F  0000AF        60       1  BANK0   
                smallconst                     000600  000012  000612       300       0  SMALLCON
                text5                          000612  0004FA  000B0C       309       0  CODE    


UNUSED ADDRESS RANGES

        Name                Unused          Largest block    Delta
        BANK0            0000AF-0000FF               51
        BANK1            000100-0001FF              100
        BANK2            000200-0002FF              100
        BANK3            000300-0003FF              100
        BANK4            000400-0004FF              100
        BANK5            000500-0005FF              100
        BIGRAM           000001-00005F               5F
                         0000AF-0005FF              551
        BIGSFR           000F00-000FFF              100
        CODE             000006-0005FF              5FA
                         000B0C-007FFF             34F4
        COMRAM           000001-00005F               5F
        CONST            000006-0005FF              5FA
                         000B0C-007FFF             74F4
        EEDATA           F00000-F000FF              100
        MEDIUMCONST      000B0C-007FFF             74F4
        RAM              0000AF-0005FF              100
        SFR              000F00-000FFF               60
        SMALLCONST       000B0C-007FFF              100

                                  Symbol Table

_PORTA                                                                (abs)        000F80
_PORTAbits                                                            (abs)        000F80
_PORTBbits                                                            (abs)        000F81
_RCIF                                                                 (abs)        007CF5
_RCREG                                                                (abs)        000FAE
_RCSTAbits                                                            (abs)        000FAB
_SPBRG                                                                (abs)        000FAF
_TRISA                                                                (abs)        000F92
_TRISB                                                                (abs)        000F93
_TRISCbits                                                            (abs)        000F94
_TXREG                                                                (abs)        000FAD
_TXSTAbits                                                            (abs)        000FAC
__HRAM                                                                (abs)        000000
__Habs1                                                               abs1         000000
__Hbank0                                                              bank0        000000
__Hbank1                                                              bank1        000000
__Hbank2                                                              bank2        000000
__Hbank3                                                              bank3        000000
__Hbank4                                                              bank4        000000
__Hbank5                                                              bank5        000000
__Hbigbss                                                             bigbss       000000
__Hbigdata                                                            bigdata      000000
__Hbigram                                                             bigram       000000
__Hbigsfr                                                             bigsfr       000000
__Hbss                                                                bss          000000
__Hcinit                                                              cinit        000000
__Hclrtext                                                            clrtext      000000
__Hcomram                                                             comram       000000
__Hconfig                                                             config       30000E
__Hconst                                                              const        000000
__HcstackBANK0                                                        cstackBANK0  000000
__Hdata                                                               data         000000
__HdataBANK0                                                          dataBANK0    000000
__Heeprom_data                                                        eeprom_data  000000
__Hfarbss                                                             farbss       000000
__Hfardata                                                            fardata      000000
__Hheap                                                               heap         000000
__Hibigdata                                                           ibigdata     000000
__Hidata                                                              idata        000000
__HidataBANK0                                                         idataBANK0   000000
__Hidloc                                                              idloc        200008
__Hifardata                                                           ifardata     000000
__Hinit                                                               init         000006
__Hintcode                                                            intcode      000002
__Hintcode_body                                                       intcode_body 000000
__Hintcodelo                                                          intcodelo    000002
__Hintentry                                                           intentry     000000
__Hintret                                                             intret       000000
__Hintsave_regs                                                       intsave_regs 000000
__Hirdata                                                             irdata       000000
__Hmediumconst                                                        mediumconst  000000
__HnvFARRAM                                                           nvFARRAM     000000
__Hnvbit                                                              nvbit        000000
__Hnvrram                                                             nvrram       000000
__Hparam                                                              param0       000000
__Hparam0                                                             param0       000000
__Hpowerup                                                            powerup      000002
__Hram                                                                ram          000000
__Hramtop                                                             ramtop       000600
__Hrbit                                                               rbit         000000
__Hrbss                                                               rbss         000000
__Hrdata                                                              rdata        000000
__Hreset_vec                                                          reset_vec    000002
__Hsfr                                                                sfr          000000
__Hsmallconst                                                         smallconst   000612
__Hspace_0                                                            (abs)        000B0C
__Hspace_1                                                            (abs)        0000AF
__Hspace_2                                                            (abs)        000000
__Hspace_4                                                            (abs)        60000E
__Hstack                                                              stack        000000
__Hstruct                                                             struct       000000
__Htemp                                                               temp         000000
__Htext                                                               text         000000
__Htext0                                                              text0        000000
__Htext1                                                              text1        000000
__Htext10                                                             text10       000000
__Htext11                                                             text11       000000
__Htext12                                                             text12       000000
__Htext13                                                             text13       000000
__Htext14                                                             text14       000000
__Htext2                                                              text2        000000
__Htext3                                                              text3        000000
__Htext4                                                              text4        000000
__Htext5                                                              text5        000000
__Htext6                                                              text6        000000
__Htext7                                                              text7        000000
__Htext8                                                              text8        000000
__Htext9                                                              text9        000000
__LRAM                                                                (abs)        000001
__Labs1                                                               abs1         000000
__Lbank0                                                              bank0        000000
__Lbank1                                                              bank1        000000
__Lbank2                                                              bank2        000000
__Lbank3                                                              bank3        000000
__Lbank4                                                              bank4        000000
__Lbank5                                                              bank5        000000
__Lbigbss                                                             bigbss       000000
__Lbigdata                                                            bigdata      000000
__Lbigram                                                             bigram       000000
__Lbigsfr                                                             bigsfr       000000
__Lbss                                                                bss          000000
__Lcinit                                                              cinit        000000
__Lclrtext                                                            clrtext      000000
__Lcomram                                                             comram       000000
__Lconfig                                                             config       000000
__Lconst                                                              const        000000
__LcstackBANK0                                                        cstackBANK0  000000
__Ldata                                                               data         000000
__LdataBANK0                                                          dataBANK0    000000
__Leeprom_data                                                        eeprom_data  000000
__Lfarbss                                                             farbss       000000
__Lfardata                                                            fardata      000000
__Lheap                                                               heap         000000
__Libigdata                                                           ibigdata     000000
__Lidata                                                              idata        000000
__LidataBANK0                                                         idataBANK0   000000
__Lidloc                                                              idloc        000000
__Lifardata                                                           ifardata     000000
__Linit                                                               init         000002
__Lintcode                                                            intcode      000002
__Lintcode_body                                                       intcode_body 000000
__Lintcodelo                                                          intcodelo    000002
__Lintentry                                                           intentry     000000
__Lintret                                                             intret       000000
__Lintsave_regs                                                       intsave_regs 000000
__Lirdata                                                             irdata       000000
__Lmediumconst                                                        mediumconst  000000
__LnvFARRAM                                                           nvFARRAM     000000
__Lnvbit                                                              nvbit        000000
__Lnvrram                                                             nvrram       000000
__Lparam                                                              param0       000000
__Lparam0                                                             param0       000000
__Lpowerup                                                            powerup      000002
__Lram                                                                ram          000000
__Lramtop                                                             ramtop       000600
__Lrbit                                                               rbit         000000
__Lrbss                                                               rbss         000000
__Lrdata                                                              rdata        000000
__Lreset_vec                                                          reset_vec    000000
__Lsfr                                                                sfr          000000
__Lsmallconst                                                         smallconst   000600
__Lspace_0                                                            (abs)        000000
__Lspace_1                                                            (abs)        000000
__Lspace_2                                                            (abs)        000000
__Lspace_4                                                            (abs)        000000
__Lstack                                                              stack        000000
__Lstruct                                                             struct       000000
__Ltemp                                                               temp         000000
__Ltext                                                               text         000000
__Ltext0                                                              text0        000000
__Ltext1                                                              text1        000000
__Ltext10                                                             text10       000000
__Ltext11                                                             text11       000000
__Ltext12                                                             text12       000000
__Ltext13                                                             text13       000000
__Ltext14                                                             text14       000000
__Ltext2                                                              text2        000000
__Ltext3                                                              text3        000000
__Ltext4                                                              text4        000000
__Ltext5                                                              text5        000000
__Ltext6                                                              text6        000000
__Ltext7                                                              text7        000000
__Ltext8                                                              text8        000000
__Ltext9                                                              text9        000000
__S0                                                                  (abs)        000B0C
__S1                                                                  (abs)        0000AF
__S4                                                                  (abs)        000000
__S5                                                                  (abs)        000000
___heap_hi                                                            (abs)        000000
___heap_lo                                                            (abs)        000000
___inthi_sp                                                           stack        000000
___intlo_sp                                                           stack        000000
___param_bank                                                         (abs)        000000
___rparam_used                                                        (abs)        000000
___sp                                                                 stack        000000
__accesstop                                                           (abs)        000060
__activetblptr                                                        (abs)        000003
__cntErrataNOP_C:\Users\beaulibe\AppData\Local\Temp\xcAs4q8.o         (abs)        000001
__cntErrataNOP_dist/default/production\Gabarit_458_Lab.X.production.o (abs)        00003D
__end_of__initialization                                              cinit        000AA0
__end_of_init_serie                                                   text14       000AE2
__end_of_initialisation                                               text13       000B0A
__end_of_lcd_busy                                                     text11       000948
__end_of_lcd_curseurHome                                              text7        000AEE
__end_of_lcd_ecrireDonnees                                            text10       0008D2
__end_of_lcd_ecritChar                                                text2        00085A
__end_of_lcd_init                                                     text3        000A80
__end_of_lcd_initCGRam                                                text5        0006C8
__end_of_lcd_lireDonnees                                              text12       000B04
__end_of_lcd_putMessage                                               text1        0007E0
__end_of_lcd_resetSequence                                            text4        0009B6
__end_of_lcd_strobeEnableBit                                          text9        000AFA
__end_of_lcd_wrCom                                                    text8        000764
__end_of_lcd_wrData                                                   text6        000A0E
__end_of_main                                                         text0        000ACC
__end_of_msg                                                          smallconst   000610
__initialization                                                      cinit        000A80
__mediumconst                                                         mediumconst  000000
__pcinit                                                              cinit        000A80
__pcstackBANK0                                                        cstackBANK0  0000A0
__pdataBANK0                                                          dataBANK0    000060
__pidataBANK0                                                         idataBANK0   000A0E
__psmallconst                                                         smallconst   000600
__ptext0                                                              text0        000AA6
__ptext1                                                              text1        000764
__ptext10                                                             text10       00085A
__ptext11                                                             text11       0008D2
__ptext12                                                             text12       000AFA
__ptext13                                                             text13       000B04
__ptext14                                                             text14       000ACC
__ptext2                                                              text2        0007E0
__ptext3                                                              text3        000A4E
__ptext4                                                              text4        000948
__ptext5                                                              text5        000612
__ptext6                                                              text6        0009B6
__ptext7                                                              text7        000AE2
__ptext8                                                              text8        0006C8
__ptext9                                                              text9        000AEE
__ramtop                                                              ramtop       000600
__smallconst                                                          smallconst   000600
_init_serie                                                           text14       000ACC
_initialisation                                                       text13       000B04
_lcd_busy                                                             text11       0008D2
_lcd_curseurHome                                                      text7        000AE2
_lcd_ecrireDonnees                                                    text10       00085A
_lcd_ecritChar                                                        text2        0007E0
_lcd_init                                                             text3        000A4E
_lcd_initCGRam                                                        text5        000612
_lcd_lireDonnees                                                      text12       000AFA
_lcd_putMessage                                                       text1        000764
_lcd_resetSequence                                                    text4        000948
_lcd_strobeEnableBit                                                  text9        000AEE
_lcd_wrCom                                                            text8        0006C8
_lcd_wrData                                                           text6        0009B6
_main                                                                 text0        000AA6
_matCGRAM                                                             dataBANK0    000060
_msg                                                                  smallconst   000601
end_of_initialization                                                 cinit        000AA0
intlevel0                                                             text         000B0A
intlevel1                                                             text         000B0A
intlevel2                                                             text         000B0A
intlevel3                                                             text         000B0A
isa$std                                                               (abs)        000001
isa$xinst                                                             (abs)        000000
lcd_busy@adresse                                                      cstackBANK0  0000A2
lcd_ecrireDonnees@donnee                                              cstackBANK0  0000A1
lcd_ecritChar@car                                                     cstackBANK0  0000A8
lcd_ecritChar@posRam                                                  cstackBANK0  0000A9
lcd_initCGRam@i                                                       cstackBANK0  0000A8
lcd_initCGRam@j                                                       cstackBANK0  0000A9
lcd_putMessage@chaine                                                 cstackBANK0  0000AA
lcd_putMessage@j                                                      cstackBANK0  0000AE
lcd_wrCom@commande                                                    cstackBANK0  0000A5
lcd_wrData@caractere                                                  cstackBANK0  0000A4
stackhi                                                               (abs)        000000
stacklo                                                               (abs)        000000
start                                                                 init         000002
start_initialization                                                  cinit        000A80


MODULE INFORMATION

Module		Function		Class		Link	Load	Size
serie_458.c
		_init_serie    		CODE           	0ACC	0000	22

serie_458.c estimated size: 22

Lcd4Lignes.c
		_lcd_ecrireDonnees		CODE           	085A	0000	120
		_lcd_busy      		CODE           	08D2	0000	118
		_lcd_curseurHome		CODE           	0AE2	0000	12
		_lcd_initCGRam 		CODE           	0612	0000	182
		_lcd_wrData    		CODE           	09B6	0000	88
		_lcd_putMessage		CODE           	0764	0000	124
		_lcd_resetSequence		CODE           	0948	0000	110
		_lcd_lireDonnees		CODE           	0AFA	0000	10
		_lcd_wrCom     		CODE           	06C8	0000	156
		_lcd_ecritChar 		CODE           	07E0	0000	122
		_lcd_init      		CODE           	0A4E	0000	50
		_lcd_strobeEnableBit		CODE           	0AEE	0000	12

Lcd4Lignes.c estimated size: 1104

shared
		_msg           		SMALLCONST     	0601	0000	15
		__initialization		CODE           	0A80	0000	32

shared estimated size: 47

main.c
		_initialisation		CODE           	0B04	0000	6
		_main          		CODE           	0AA6	0000	38

main.c estimated size: 44

