Microchip MPLAB XC8 Compiler V2.36

Linker command line:

--edf=C:\Program Files\Microchip\xc8\v2.36\pic\dat\en_msgs.txt -cn \
  -h+dist/default/production\lab2_jeremie_Hamel.X.production.sym \
  --cmf=dist/default/production\lab2_jeremie_Hamel.X.production.cmf -z \
  -Q18F458 -oC:\Users\jerem\AppData\Local\Temp\xcAsak0.4 \
  --defsym=__MPLAB_BUILD=1 \
  -Mdist/default/production/lab2_jeremie_Hamel.X.production.map \
  --md=C:\Users\jerem\AppData\Local\Temp\xcAsak0.dat -E1 -ver=XC8 Compiler \
  --acfsm=1493 -ACODE=00h-03FFFhx2 -ACONST=00h-07FFFh \
  -ASMALLCONST=0600h-06FFhx122 -AMEDIUMCONST=0600h-07FFFh -ACOMRAM=01h-05Fh \
  -AABS1=00h-05FFh -ABIGRAM=01h-05FFh -ARAM=060h-0FFh,0100h-01FFhx5 \
  -ABANK0=060h-0FFh -ABANK1=0100h-01FFh -ABANK2=0200h-02FFh \
  -ABANK3=0300h-03FFh -ABANK4=0400h-04FFh -ABANK5=0500h-05FFh \
  -ASFR=0F00h-0F5Fh,0F60h-0FFFh -ABIGSFR=0F00h-0FFFh \
  -ACONFIG=0300000h-030000Dh -AIDLOC=0200000h-0200007h \
  -AEEDATA=0F00000h-0F000FFh -peeprom_data=EEDATA \
  -preset_vec=00h,intcode,intcodelo,powerup,init -pramtop=0600h \
  -psmallconst=SMALLCONST -pmediumconst=MEDIUMCONST -pconst=CONST \
  -AFARRAM=00h-00h \
  -prdata=COMRAM,nvrram=COMRAM,nvbit=COMRAM,rbss=COMRAM,rbit=COMRAM \
  -pfarbss=FARRAM,fardata=FARRAM,nvFARRAM=FARRAM \
  -pintsave_regs=BIGRAM,bigbss=BIGRAM,bigdata=BIGRAM -pbss=RAM \
  -pidata=CODE,irdata=CODE,ibigdata=CODE,ifardata=CODE -pparam0=BANK0 \
  C:\Users\jerem\AppData\Local\Temp\xcAsak0.o \
  dist/default/production\lab2_jeremie_Hamel.X.production.o 

Object code version is 3.11

Machine type is 18F458



                Name                               Link     Load   Length Selector   Space Scale
C:\Users\jerem\AppData\Local\Temp\xcAsak0.o
                idloc                            200000   200000        8        0       5
                config                           300000   300000        E        0       4
                text                               1A28     1A28        2      32E       0
                init                                  2        2        4        0       0
                reset_vec                             0        0        2        0       0
dist/default/production\lab2_jeremie_Hamel.X.production.o
                idloc                            200000   200000        8        0       5
                config                           300000   300000        E        0       4
                smallconst                          600      600       5C      300       0
                text27                             1956     1956       2C      32E       0
                text26                             1A1E     1A1E        A      32E       0
                text25                             16AC     16AC       76      32E       0
                text24                             1634     1634       78      32E       0
                text23                             1A12     1A12        C      32E       0
                text22                             138E     138E       9C      32E       0
                text21                             1A06     1A06        C      32E       0
                text20                             19F4     19F4       12      32E       0
                text19                             142A     142A       98      32E       0
                text18                             17F2     17F2       58      32E       0
                text17                             1542     1542       7A      32E       0
                text16                             1168     1168       C4      32E       0
                text15                              AC8      AC8      232      32E       0
                text14                             18A0     18A0       44      32E       0
                text13                             1790     1790       62      32E       0
                text12                              EC0      EC0      17C      32E       0
                text11                             19A6     19A6       22      32E       0
                text10                             1982     1982       24      32E       0
                text9                               CFA      CFA      1C6      32E       0
                text8                              14C2     14C2       80      32E       0
                text7                              15BC     15BC       78      32E       0
                text6                               65C      65C      46C      32E       0
                text5                              19DE     19DE       16      32E       0
                text4                              19C8     19C8       16      32E       0
                text3                              122C     122C       BA      32E       0
                text2                              1722     1722       6E      32E       0
                text1                              1924     1924       32      32E       0
                text0                              12E6     12E6       A8      32E       0
                cstackBANK0                          A0       A0       1F       60       1
                dataBIGRAM                           C6       C6      12C       C6       1
                dataBANK0                            60       60       40       60       1
                bssBANK0                             BF       BF        7       60       1
                cinit                              184A     184A       56      32E       0
                idataBANK0                         18E4     18E4       40      32E       0
                idataBIGRAM                        103C     103C      12C      32E       0

TOTAL           Name                               Link     Load   Length     Space
        CLASS   CODE           
                text                               1A28     1A28        2         0
                init                                  2        2        4         0
                reset_vec                             0        0        2         0
                text27                             1956     1956       2C         0
                text26                             1A1E     1A1E        A         0
                text25                             16AC     16AC       76         0
                text24                             1634     1634       78         0
                text23                             1A12     1A12        C         0
                text22                             138E     138E       9C         0
                text21                             1A06     1A06        C         0
                text20                             19F4     19F4       12         0
                text19                             142A     142A       98         0
                text18                             17F2     17F2       58         0
                text17                             1542     1542       7A         0
                text16                             1168     1168       C4         0
                text15                              AC8      AC8      232         0
                text14                             18A0     18A0       44         0
                text13                             1790     1790       62         0
                text12                              EC0      EC0      17C         0
                text11                             19A6     19A6       22         0
                text10                             1982     1982       24         0
                text9                               CFA      CFA      1C6         0
                text8                              14C2     14C2       80         0
                text7                              15BC     15BC       78         0
                text6                               65C      65C      46C         0
                text5                              19DE     19DE       16         0
                text4                              19C8     19C8       16         0
                text3                              122C     122C       BA         0
                text2                              1722     1722       6E         0
                text1                              1924     1924       32         0
                text0                              12E6     12E6       A8         0
                cinit                              184A     184A       56         0
                idataBANK0                         18E4     18E4       40         0
                idataBIGRAM                        103C     103C      12C         0

        CLASS   CONST          

        CLASS   SMALLCONST     
                smallconst                          600      600       5C         0

        CLASS   MEDIUMCONST    

        CLASS   COMRAM         

        CLASS   ABS1           

        CLASS   BIGRAM         
                dataBIGRAM                           C6       C6      12C         1

        CLASS   RAM            

        CLASS   BANK0          
                cstackBANK0                          A0       A0       1F         1
                dataBANK0                            60       60       40         1
                bssBANK0                             BF       BF        7         1

        CLASS   BANK1          

        CLASS   BANK2          

        CLASS   BANK3          

        CLASS   BANK4          

        CLASS   BANK5          

        CLASS   SFR            

        CLASS   BIGSFR         

        CLASS   CONFIG         
                config                           300000   300000        E         4

        CLASS   IDLOC          
                idloc                            200000   200000        8         5

        CLASS   EEDATA         

        CLASS   FARRAM         

        CLASS   HEAP           

        CLASS   STACK          



SEGMENTS        Name                           Load    Length   Top    Selector   Space  Class

                reset_vec                      000000  000006  000006         0       0  CODE    
                dataBANK0                      000060  000066  0000C6        60       1  BANK0   
                dataBIGRAM                     0000C6  00012C  0001F2        C6       1  BIGRAM  
                smallconst                     000600  00005C  00065C       300       0  SMALLCON
                text6                          00065C  0013CE  001A2A       32E       0  CODE    


UNUSED ADDRESS RANGES

        Name                Unused          Largest block    Delta
        BANK1            0001F2-0001FF                E
        BANK2            000200-0002FF              100
        BANK3            000300-0003FF              100
        BANK4            000400-0004FF              100
        BANK5            000500-0005FF              100
        BIGRAM           000001-00005F               5F
                         0001F2-0005FF              40E
        BIGSFR           000F00-000FFF              100
        CODE             000006-0005FF              5FA
                         001A2A-007FFF             25D6
        COMRAM           000001-00005F               5F
        CONST            000006-0005FF              5FA
                         001A2A-007FFF             65D6
        EEDATA           F00000-F000FF              100
        MEDIUMCONST      001A2A-007FFF             65D6
        RAM              0001F2-0005FF              100
        SFR              000F00-000FFF               60
        SMALLCONST       001A2A-007FFF              100

                                  Symbol Table

?___wmul                                                                 cstackBANK0  0000A0
?_atoi                                                                   cstackBANK0  0000A7
?_isdigit                                                                cstackBANK0  0000A0
?_isspace                                                                cstackBANK0  0000A0
?_memset                                                                 cstackBANK0  0000A0
?_strcmp                                                                 cstackBANK0  0000A6
_ADCON1                                                                  (abs)        000FC1
_PORTA                                                                   (abs)        000F80
_PORTAbits                                                               (abs)        000F80
_PORTBbits                                                               (abs)        000F81
_PORTCbits                                                               (abs)        000F82
_PORTDbits                                                               (abs)        000F83
_RCIF                                                                    (abs)        007CF5
_RCREG                                                                   (abs)        000FAE
_RCSTAbits                                                               (abs)        000FAB
_SPBRG                                                                   (abs)        000FAF
_TRISA                                                                   (abs)        000F92
_TRISB                                                                   (abs)        000F93
_TRISC                                                                   (abs)        000F94
_TRISCbits                                                               (abs)        000F94
_TRISD                                                                   (abs)        000F95
_TXREG                                                                   (abs)        000FAD
_TXSTAbits                                                               (abs)        000FAC
__HRAM                                                                   (abs)        000000
__Habs1                                                                  abs1         000000
__Hbank0                                                                 bank0        000000
__Hbank1                                                                 bank1        000000
__Hbank2                                                                 bank2        000000
__Hbank3                                                                 bank3        000000
__Hbank4                                                                 bank4        000000
__Hbank5                                                                 bank5        000000
__Hbigbss                                                                bigbss       000000
__Hbigdata                                                               bigdata      000000
__Hbigram                                                                bigram       000000
__Hbigsfr                                                                bigsfr       000000
__Hbss                                                                   bss          000000
__HbssBANK0                                                              bssBANK0     000000
__Hcinit                                                                 cinit        000000
__Hclrtext                                                               clrtext      000000
__Hcomram                                                                comram       000000
__Hconfig                                                                config       30000E
__Hconst                                                                 const        000000
__HcstackBANK0                                                           cstackBANK0  000000
__Hdata                                                                  data         000000
__HdataBANK0                                                             dataBANK0    000000
__HdataBIGRAM                                                            dataBIGRAM   000000
__Heeprom_data                                                           eeprom_data  000000
__Hfarbss                                                                farbss       000000
__Hfardata                                                               fardata      000000
__Hheap                                                                  heap         000000
__Hibigdata                                                              ibigdata     000000
__Hidata                                                                 idata        000000
__HidataBANK0                                                            idataBANK0   000000
__HidataBIGRAM                                                           idataBIGRAM  000000
__Hidloc                                                                 idloc        200008
__Hifardata                                                              ifardata     000000
__Hinit                                                                  init         000006
__Hintcode                                                               intcode      000002
__Hintcode_body                                                          intcode_body 000000
__Hintcodelo                                                             intcodelo    000002
__Hintentry                                                              intentry     000000
__Hintret                                                                intret       000000
__Hintsave_regs                                                          intsave_regs 000000
__Hirdata                                                                irdata       000000
__Hmediumconst                                                           mediumconst  000000
__HnvFARRAM                                                              nvFARRAM     000000
__Hnvbit                                                                 nvbit        000000
__Hnvrram                                                                nvrram       000000
__Hparam                                                                 param0       000000
__Hparam0                                                                param0       000000
__Hpowerup                                                               powerup      000002
__Hram                                                                   ram          000000
__Hramtop                                                                ramtop       000600
__Hrbit                                                                  rbit         000000
__Hrbss                                                                  rbss         000000
__Hrdata                                                                 rdata        000000
__Hreset_vec                                                             reset_vec    000002
__Hsfr                                                                   sfr          000000
__Hsmallconst                                                            smallconst   00065C
__Hspace_0                                                               (abs)        001A2A
__Hspace_1                                                               (abs)        0001F2
__Hspace_2                                                               (abs)        000000
__Hspace_4                                                               (abs)        60000E
__Hstack                                                                 stack        000000
__Hstruct                                                                struct       000000
__Htemp                                                                  temp         000000
__Htext                                                                  text         000000
__Htext0                                                                 text0        000000
__Htext1                                                                 text1        000000
__Htext10                                                                text10       000000
__Htext11                                                                text11       000000
__Htext12                                                                text12       000000
__Htext13                                                                text13       000000
__Htext14                                                                text14       000000
__Htext15                                                                text15       000000
__Htext16                                                                text16       000000
__Htext17                                                                text17       000000
__Htext18                                                                text18       000000
__Htext19                                                                text19       000000
__Htext2                                                                 text2        000000
__Htext20                                                                text20       000000
__Htext21                                                                text21       000000
__Htext22                                                                text22       000000
__Htext23                                                                text23       000000
__Htext24                                                                text24       000000
__Htext25                                                                text25       000000
__Htext26                                                                text26       000000
__Htext27                                                                text27       000000
__Htext3                                                                 text3        000000
__Htext4                                                                 text4        000000
__Htext5                                                                 text5        000000
__Htext6                                                                 text6        000000
__Htext7                                                                 text7        000000
__Htext8                                                                 text8        000000
__Htext9                                                                 text9        000000
__LRAM                                                                   (abs)        000001
__Labs1                                                                  abs1         000000
__Lbank0                                                                 bank0        000000
__Lbank1                                                                 bank1        000000
__Lbank2                                                                 bank2        000000
__Lbank3                                                                 bank3        000000
__Lbank4                                                                 bank4        000000
__Lbank5                                                                 bank5        000000
__Lbigbss                                                                bigbss       000000
__Lbigdata                                                               bigdata      000000
__Lbigram                                                                bigram       000000
__Lbigsfr                                                                bigsfr       000000
__Lbss                                                                   bss          000000
__LbssBANK0                                                              bssBANK0     000000
__Lcinit                                                                 cinit        000000
__Lclrtext                                                               clrtext      000000
__Lcomram                                                                comram       000000
__Lconfig                                                                config       000000
__Lconst                                                                 const        000000
__LcstackBANK0                                                           cstackBANK0  000000
__Ldata                                                                  data         000000
__LdataBANK0                                                             dataBANK0    000000
__LdataBIGRAM                                                            dataBIGRAM   000000
__Leeprom_data                                                           eeprom_data  000000
__Lfarbss                                                                farbss       000000
__Lfardata                                                               fardata      000000
__Lheap                                                                  heap         000000
__Libigdata                                                              ibigdata     000000
__Lidata                                                                 idata        000000
__LidataBANK0                                                            idataBANK0   000000
__LidataBIGRAM                                                           idataBIGRAM  000000
__Lidloc                                                                 idloc        000000
__Lifardata                                                              ifardata     000000
__Linit                                                                  init         000002
__Lintcode                                                               intcode      000002
__Lintcode_body                                                          intcode_body 000000
__Lintcodelo                                                             intcodelo    000002
__Lintentry                                                              intentry     000000
__Lintret                                                                intret       000000
__Lintsave_regs                                                          intsave_regs 000000
__Lirdata                                                                irdata       000000
__Lmediumconst                                                           mediumconst  000000
__LnvFARRAM                                                              nvFARRAM     000000
__Lnvbit                                                                 nvbit        000000
__Lnvrram                                                                nvrram       000000
__Lparam                                                                 param0       000000
__Lparam0                                                                param0       000000
__Lpowerup                                                               powerup      000002
__Lram                                                                   ram          000000
__Lramtop                                                                ramtop       000600
__Lrbit                                                                  rbit         000000
__Lrbss                                                                  rbss         000000
__Lrdata                                                                 rdata        000000
__Lreset_vec                                                             reset_vec    000000
__Lsfr                                                                   sfr          000000
__Lsmallconst                                                            smallconst   000600
__Lspace_0                                                               (abs)        000000
__Lspace_1                                                               (abs)        000000
__Lspace_2                                                               (abs)        000000
__Lspace_4                                                               (abs)        000000
__Lstack                                                                 stack        000000
__Lstruct                                                                struct       000000
__Ltemp                                                                  temp         000000
__Ltext                                                                  text         000000
__Ltext0                                                                 text0        000000
__Ltext1                                                                 text1        000000
__Ltext10                                                                text10       000000
__Ltext11                                                                text11       000000
__Ltext12                                                                text12       000000
__Ltext13                                                                text13       000000
__Ltext14                                                                text14       000000
__Ltext15                                                                text15       000000
__Ltext16                                                                text16       000000
__Ltext17                                                                text17       000000
__Ltext18                                                                text18       000000
__Ltext19                                                                text19       000000
__Ltext2                                                                 text2        000000
__Ltext20                                                                text20       000000
__Ltext21                                                                text21       000000
__Ltext22                                                                text22       000000
__Ltext23                                                                text23       000000
__Ltext24                                                                text24       000000
__Ltext25                                                                text25       000000
__Ltext26                                                                text26       000000
__Ltext27                                                                text27       000000
__Ltext3                                                                 text3        000000
__Ltext4                                                                 text4        000000
__Ltext5                                                                 text5        000000
__Ltext6                                                                 text6        000000
__Ltext7                                                                 text7        000000
__Ltext8                                                                 text8        000000
__Ltext9                                                                 text9        000000
__S0                                                                     (abs)        001A2A
__S1                                                                     (abs)        0001F2
__S4                                                                     (abs)        000000
__S5                                                                     (abs)        000000
___heap_hi                                                               (abs)        000000
___heap_lo                                                               (abs)        000000
___inthi_sp                                                              stack        000000
___intlo_sp                                                              stack        000000
___param_bank                                                            (abs)        000000
___rparam_used                                                           (abs)        000000
___sp                                                                    stack        000000
___wmul                                                                  text27       001956
___wmul@multiplicand                                                     cstackBANK0  0000A2
___wmul@multiplier                                                       cstackBANK0  0000A0
___wmul@product                                                          cstackBANK0  0000A4
__accesstop                                                              (abs)        000060
__activetblptr                                                           (abs)        000003
__cntErrataNOP_C:\Users\jerem\AppData\Local\Temp\xcAsak0.o               (abs)        000001
__cntErrataNOP_dist/default/production\lab2_jeremie_Hamel.X.production.o (abs)        0000C5
__end_of___wmul                                                          text27       001982
__end_of__initialization                                                 cinit        00189A
__end_of_affiche                                                         text15       000CFA
__end_of_atoi                                                            text12       00103C
__end_of_gereTouche                                                      text6        000AC8
__end_of_getch                                                           text11       0019C8
__end_of_initRegistres                                                   text5        0019F4
__end_of_init_serie                                                      text4        0019DE
__end_of_isdigit                                                         text14       0018E4
__end_of_isspace                                                         text13       0017F2
__end_of_kbhit                                                           text10       0019A6
__end_of_lcd_busy                                                        text25       001722
__end_of_lcd_curseurHome                                                 text21       001A12
__end_of_lcd_ecrireDonnees                                               text24       0016AC
__end_of_lcd_ecritChar                                                   text17       0015BC
__end_of_lcd_effaceAffichage                                             text20       001A06
__end_of_lcd_gotoXY                                                      text19       0014C2
__end_of_lcd_init                                                        text1        001956
__end_of_lcd_initCGRam                                                   text3        0012E6
__end_of_lcd_lireDonnees                                                 text26       001A28
__end_of_lcd_putMessage                                                  text16       00122C
__end_of_lcd_resetSequence                                               text2        001790
__end_of_lcd_strobeEnableBit                                             text23       001A1E
__end_of_lcd_wrCom                                                       text22       00142A
__end_of_lcd_wrData                                                      text18       00184A
__end_of_main                                                            text0        00138E
__end_of_memset                                                          text9        000EC0
__end_of_strcmp                                                          text8        001542
__end_of_verifNip                                                        text7        001634
__initialization                                                         cinit        00184A
__mediumconst                                                            mediumconst  000000
__pbssBANK0                                                              bssBANK0     0000BF
__pcinit                                                                 cinit        00184A
__pcstackBANK0                                                           cstackBANK0  0000A0
__pdataBANK0                                                             dataBANK0    000060
__pdataBIGRAM                                                            dataBIGRAM   0000C6
__pidataBANK0                                                            idataBANK0   0018E4
__pidataBIGRAM                                                           idataBIGRAM  00103C
__psmallconst                                                            smallconst   000600
__ptext0                                                                 text0        0012E6
__ptext1                                                                 text1        001924
__ptext10                                                                text10       001982
__ptext11                                                                text11       0019A6
__ptext12                                                                text12       000EC0
__ptext13                                                                text13       001790
__ptext14                                                                text14       0018A0
__ptext15                                                                text15       000AC8
__ptext16                                                                text16       001168
__ptext17                                                                text17       001542
__ptext18                                                                text18       0017F2
__ptext19                                                                text19       00142A
__ptext2                                                                 text2        001722
__ptext20                                                                text20       0019F4
__ptext21                                                                text21       001A06
__ptext22                                                                text22       00138E
__ptext23                                                                text23       001A12
__ptext24                                                                text24       001634
__ptext25                                                                text25       0016AC
__ptext26                                                                text26       001A1E
__ptext27                                                                text27       001956
__ptext3                                                                 text3        00122C
__ptext4                                                                 text4        0019C8
__ptext5                                                                 text5        0019DE
__ptext6                                                                 text6        00065C
__ptext7                                                                 text7        0015BC
__ptext8                                                                 text8        0014C2
__ptext9                                                                 text9        000CFA
__ramtop                                                                 ramtop       000600
__smallconst                                                             smallconst   000600
_affiche                                                                 text15       000AC8
_atoi                                                                    text12       000EC0
_gereTouche                                                              text6        00065C
_getch                                                                   text11       0019A6
_initRegistres                                                           text5        0019DE
_init_serie                                                              text4        0019C8
_isdigit                                                                 text14       0018A0
_isspace                                                                 text13       001790
_isspace$1197                                                            cstackBANK0  0000A6
_kbhit                                                                   text10       001982
_lcd_busy                                                                text25       0016AC
_lcd_curseurHome                                                         text21       001A06
_lcd_ecrireDonnees                                                       text24       001634
_lcd_ecritChar                                                           text17       001542
_lcd_effaceAffichage                                                     text20       0019F4
_lcd_gotoXY                                                              text19       00142A
_lcd_init                                                                text1        001924
_lcd_initCGRam                                                           text3        00122C
_lcd_lireDonnees                                                         text26       001A1E
_lcd_putMessage                                                          text16       001168
_lcd_resetSequence                                                       text2        001722
_lcd_strobeEnableBit                                                     text23       001A12
_lcd_wrCom                                                               text22       00138E
_lcd_wrData                                                              text18       0017F2
_listeUsager                                                             dataBIGRAM   0000C6
_main                                                                    text0        0012E6
_matCGRAM                                                                dataBANK0    000060
_memset                                                                  text9        000CFA
_strcmp                                                                  text8        0014C2
_verifNip                                                                text7        0015BC
affiche@etat                                                             cstackBANK0  0000B3
affiche@usager                                                           cstackBANK0  0000B5
atoi@n                                                                   cstackBANK0  0000AF
atoi@neg                                                                 cstackBANK0  0000AD
atoi@s                                                                   cstackBANK0  0000A7
end_of_initialization                                                    cinit        00189A
gereTouche@etat                                                          cstackBANK0  0000B2
gereTouche@indexNIP                                                      bssBANK0     0000BF
gereTouche@nip                                                           bssBANK0     0000C1
gereTouche@touche                                                        cstackBANK0  0000B8
gereTouche@usager                                                        cstackBANK0  0000B4
getch@c                                                                  cstackBANK0  0000A0
intlevel0                                                                text         001A28
intlevel1                                                                text         001A28
intlevel2                                                                text         001A28
intlevel3                                                                text         001A28
isa$std                                                                  (abs)        000001
isa$xinst                                                                (abs)        000000
isdigit@c                                                                cstackBANK0  0000A0
isspace@c                                                                cstackBANK0  0000A0
lcd_busy@adresse                                                         cstackBANK0  0000A2
lcd_ecrireDonnees@donnee                                                 cstackBANK0  0000A1
lcd_ecritChar@car                                                        cstackBANK0  0000A8
lcd_ecritChar@posRam                                                     cstackBANK0  0000A9
lcd_gotoXY@x                                                             cstackBANK0  0000A9
lcd_gotoXY@y                                                             cstackBANK0  0000A6
lcd_initCGRam@i                                                          cstackBANK0  0000A8
lcd_initCGRam@j                                                          cstackBANK0  0000A9
lcd_putMessage@chaine                                                    cstackBANK0  0000AA
lcd_putMessage@j                                                         cstackBANK0  0000B2
lcd_wrCom@commande                                                       cstackBANK0  0000A5
lcd_wrData@caractere                                                     cstackBANK0  0000A4
main@etatAffiche                                                         cstackBANK0  0000B9
main@etatCourant                                                         cstackBANK0  0000BD
main@noUsagerCourant                                                     cstackBANK0  0000BB
memset@c                                                                 cstackBANK0  0000A2
memset@dest                                                              cstackBANK0  0000A0
memset@k                                                                 cstackBANK0  0000A8
memset@n                                                                 cstackBANK0  0000A4
memset@s                                                                 cstackBANK0  0000AA
stackhi                                                                  (abs)        000000
stacklo                                                                  (abs)        000000
start                                                                    init         000002
start_initialization                                                     cinit        00184A
strcmp@l                                                                 cstackBANK0  0000A6
strcmp@r                                                                 cstackBANK0  0000A8
verifNip@index                                                           cstackBANK0  0000B0
verifNip@no                                                              cstackBANK0  0000AE
verifNip@usager                                                          cstackBANK0  0000AC


MODULE INFORMATION

Module		Function		Class		Link	Load	Size
C:\Program Files\Microchip\xc8\v2.36\pic\sources\c99\common\atoi.c
		_atoi          		CODE           	0EC0	0000	380

C:\Program Files\Microchip\xc8\v2.36\pic\sources\c99\common\atoi.c estimated size: 380

serie_458.c
		_init_serie    		CODE           	19C8	0000	22
		_getch         		CODE           	19A6	0000	34
		_kbhit         		CODE           	1982	0000	36

serie_458.c estimated size: 92

C:\Program Files\Microchip\xc8\v2.36\pic\sources\c99\common\isspace.c
		_isspace       		CODE           	1790	0000	98

C:\Program Files\Microchip\xc8\v2.36\pic\sources\c99\common\isspace.c estimated size: 98

C:/Users/jerem/Documents/ecole/Prog/prog3.2/lab2_jeremie_Hamel.X/initialisation.c
		_initRegistres 		CODE           	19DE	0000	22

C:/Users/jerem/Documents/ecole/Prog/prog3.2/lab2_jeremie_Hamel.X/initialisation.c estimated size: 22

C:\Program Files\Microchip\xc8\v2.36\pic\sources\c99\common\strcmp.c
		_strcmp        		CODE           	14C2	0000	128

C:\Program Files\Microchip\xc8\v2.36\pic\sources\c99\common\strcmp.c estimated size: 128

C:\Program Files\Microchip\xc8\v2.36\pic\sources\c99\common\memset.c
		_memset        		CODE           	0CFA	0000	454

C:\Program Files\Microchip\xc8\v2.36\pic\sources\c99\common\memset.c estimated size: 454

C:\Program Files\Microchip\xc8\v2.36\pic\sources\c99\common\isdigit.c
		_isdigit       		CODE           	18A0	0000	68

C:\Program Files\Microchip\xc8\v2.36\pic\sources\c99\common\isdigit.c estimated size: 68

Lcd4Lignes.c
		_lcd_ecrireDonnees		CODE           	1634	0000	120
		_lcd_busy      		CODE           	16AC	0000	118
		_lcd_curseurHome		CODE           	1A06	0000	12
		_lcd_initCGRam 		CODE           	122C	0000	186
		_lcd_effaceAffichage		CODE           	19F4	0000	18
		_lcd_wrData    		CODE           	17F2	0000	88
		_lcd_putMessage		CODE           	1168	0000	196
		_lcd_resetSequence		CODE           	1722	0000	110
		_lcd_lireDonnees		CODE           	1A1E	0000	10
		_lcd_gotoXY    		CODE           	142A	0000	152
		_lcd_wrCom     		CODE           	138E	0000	156
		_lcd_ecritChar 		CODE           	1542	0000	122
		_lcd_init      		CODE           	1924	0000	50
		_lcd_strobeEnableBit		CODE           	1A12	0000	12

Lcd4Lignes.c estimated size: 1350

shared
		__initialization		CODE           	184A	0000	80

shared estimated size: 80

main.c
		_affiche       		CODE           	0AC8	0000	562
		_verifNip      		CODE           	15BC	0000	120
		_gereTouche    		CODE           	065C	0000	1132
		_main          		CODE           	12E6	0000	168

main.c estimated size: 1982

C:\Program Files\Microchip\xc8\v2.36\pic\sources\c99\common\Umul16.c
		___wmul        		CODE           	1956	0000	44

C:\Program Files\Microchip\xc8\v2.36\pic\sources\c99\common\Umul16.c estimated size: 44

