Microchip MPLAB XC8 Compiler V2.36

Linker command line:

--edf=C:\Program Files\Microchip\xc8\v2.36\pic\dat\en_msgs.txt -cn \
  -h+dist/default/debug\lab2_jeremie_Hamel.X.debug.sym \
  --cmf=dist/default/debug\lab2_jeremie_Hamel.X.debug.cmf -z -Q18F458 \
  -oC:\Users\jerem\AppData\Local\Temp\xcAsfto.4 --defsym=__MPLAB_BUILD=1 \
  -Mdist/default/debug/lab2_jeremie_Hamel.X.debug.map \
  --md=C:\Users\jerem\AppData\Local\Temp\xcAsfto.dat -E1 -ver=XC8 Compiler \
  --acfsm=1493 -ACODE=00h-03FFFh,04000h-07D3Fh -ACONST=00h-07D3Fh \
  -ASMALLCONST=0600h-06FFhx119,07D00h-07D3Fh -AMEDIUMCONST=0600h-07D3Fh \
  -ACOMRAM=01h-05Fh -AABS1=00h-05EEh -ABIGRAM=01h-05EEh \
  -ARAM=060h-0FFh,0100h-01FFhx4,0500h-05EEh -ABANK0=060h-0FFh \
  -ABANK1=0100h-01FFh -ABANK2=0200h-02FFh -ABANK3=0300h-03FFh \
  -ABANK4=0400h-04FFh -ABANK5=0500h-05EEh \
  -ASFR=0F00h-0F5Fh,0F60h-0F9Bh,0F9Dh-0FD3h,0FD5h-0FDAh,0FE0h-0FE2h,0FE8h-0FEAh,0FF0h-0FFBh \
  -ABIGSFR=0F00h-0F9Bh,0F9Dh-0FD3h,0FD5h-0FDAh,0FE0h-0FE2h,0FE8h-0FEAh,0FF0h-0FFBh \
  -ACONFIG=0300000h-030000Dh -AIDLOC=0200000h-0200007h \
  -AEEDATA=0F00000h-0F000FFh -peeprom_data=EEDATA \
  -preset_vec=00h,intcode,intcodelo,powerup,init -pramtop=0600h \
  -psmallconst=SMALLCONST -pmediumconst=MEDIUMCONST -pconst=CONST \
  -AFARRAM=00h-00h \
  -prdata=COMRAM,nvrram=COMRAM,nvbit=COMRAM,rbss=COMRAM,rbit=COMRAM \
  -pfarbss=FARRAM,fardata=FARRAM,nvFARRAM=FARRAM \
  -pintsave_regs=BIGRAM,bigbss=BIGRAM,bigdata=BIGRAM -pbss=RAM \
  -pidata=CODE,irdata=CODE,ibigdata=CODE,ifardata=CODE -pparam0=BANK0 \
  C:\Users\jerem\AppData\Local\Temp\xcAsfto.o \
  dist/default/debug\lab2_jeremie_Hamel.X.debug.o 

Object code version is 3.11

Machine type is 18F458



                Name                               Link     Load   Length Selector   Space Scale
C:\Users\jerem\AppData\Local\Temp\xcAsfto.o
                idloc                            200000   200000        8        0       5
                config                           300000   300000        E        0       4
                text                               1ACE     1ACE        2      32E       0
                init                                  2        2        4        0       0
                reset_vec                             0        0        2        0       0
dist/default/debug\lab2_jeremie_Hamel.X.debug.o
                idloc                            200000   200000        8        0       5
                config                           300000   300000        E        0       4
                smallconst                          600      600       5C      300       0
                text28                             19FC     19FC       2C      32E       0
                text27                             1AC4     1AC4        A      32E       0
                text26                             1752     1752       76      32E       0
                text25                             16DA     16DA       78      32E       0
                text24                             1AB8     1AB8        C      32E       0
                text23                             1434     1434       9C      32E       0
                text22                             1AAC     1AAC        C      32E       0
                text21                             1A9A     1A9A       12      32E       0
                text20                             14D0     14D0       98      32E       0
                text19                             1898     1898       58      32E       0
                text18                             15E8     15E8       7A      32E       0
                text17                             1168     1168       C4      32E       0
                text16                              AC8      AC8      232      32E       0
                text15                             1392     1392       A2      32E       0
                text14                             1946     1946       44      32E       0
                text13                             1836     1836       62      32E       0
                text12                              EC0      EC0      17C      32E       0
                text11                             1A4C     1A4C       22      32E       0
                text10                             1A28     1A28       24      32E       0
                text9                               CFA      CFA      1C6      32E       0
                text8                              1568     1568       80      32E       0
                text7                              1662     1662       78      32E       0
                text6                               65C      65C      46C      32E       0
                text5                              1A84     1A84       16      32E       0
                text4                              1A6E     1A6E       16      32E       0
                text3                              122C     122C       BA      32E       0
                text2                              17C8     17C8       6E      32E       0
                text1                              19CA     19CA       32      32E       0
                text0                              12E6     12E6       AC      32E       0
                cstackBANK0                          A0       A0       1F       60       1
                dataBIGRAM                           C6       C6      12C       C6       1
                dataBANK0                            60       60       40       60       1
                bssBANK0                             BF       BF        7       60       1
                cinit                              18F0     18F0       56      32E       0
                idataBANK0                         198A     198A       40      32E       0
                idataBIGRAM                        103C     103C      12C      32E       0

TOTAL           Name                               Link     Load   Length     Space
        CLASS   CODE           
                text                               1ACE     1ACE        2         0
                init                                  2        2        4         0
                reset_vec                             0        0        2         0
                text28                             19FC     19FC       2C         0
                text27                             1AC4     1AC4        A         0
                text26                             1752     1752       76         0
                text25                             16DA     16DA       78         0
                text24                             1AB8     1AB8        C         0
                text23                             1434     1434       9C         0
                text22                             1AAC     1AAC        C         0
                text21                             1A9A     1A9A       12         0
                text20                             14D0     14D0       98         0
                text19                             1898     1898       58         0
                text18                             15E8     15E8       7A         0
                text17                             1168     1168       C4         0
                text16                              AC8      AC8      232         0
                text15                             1392     1392       A2         0
                text14                             1946     1946       44         0
                text13                             1836     1836       62         0
                text12                              EC0      EC0      17C         0
                text11                             1A4C     1A4C       22         0
                text10                             1A28     1A28       24         0
                text9                               CFA      CFA      1C6         0
                text8                              1568     1568       80         0
                text7                              1662     1662       78         0
                text6                               65C      65C      46C         0
                text5                              1A84     1A84       16         0
                text4                              1A6E     1A6E       16         0
                text3                              122C     122C       BA         0
                text2                              17C8     17C8       6E         0
                text1                              19CA     19CA       32         0
                text0                              12E6     12E6       AC         0
                cinit                              18F0     18F0       56         0
                idataBANK0                         198A     198A       40         0
                idataBIGRAM                        103C     103C      12C         0

        CLASS   CONST          

        CLASS   SMALLCONST     
                smallconst                          600      600       5C         0

        CLASS   MEDIUMCONST    

        CLASS   COMRAM         

        CLASS   ABS1           

        CLASS   BIGRAM         
                dataBIGRAM                           C6       C6      12C         1

        CLASS   RAM            

        CLASS   BANK0          
                cstackBANK0                          A0       A0       1F         1
                dataBANK0                            60       60       40         1
                bssBANK0                             BF       BF        7         1

        CLASS   BANK1          

        CLASS   BANK2          

        CLASS   BANK3          

        CLASS   BANK4          

        CLASS   BANK5          

        CLASS   SFR            

        CLASS   BIGSFR         

        CLASS   CONFIG         
                config                           300000   300000        E         4

        CLASS   IDLOC          
                idloc                            200000   200000        8         5

        CLASS   EEDATA         

        CLASS   FARRAM         

        CLASS   HEAP           

        CLASS   STACK          



SEGMENTS        Name                           Load    Length   Top    Selector   Space  Class

                reset_vec                      000000  000006  000006         0       0  CODE    
                dataBANK0                      000060  000066  0000C6        60       1  BANK0   
                dataBIGRAM                     0000C6  00012C  0001F2        C6       1  BIGRAM  
                smallconst                     000600  00005C  00065C       300       0  SMALLCON
                text6                          00065C  001474  001AD0       32E       0  CODE    


UNUSED ADDRESS RANGES

        Name                Unused          Largest block    Delta
        BANK1            0001F2-0001FF                E
        BANK2            000200-0002FF              100
        BANK3            000300-0003FF              100
        BANK4            000400-0004FF              100
        BANK5            000500-0005EE               EF
        BIGRAM           000001-00005F               5F
                         0001F2-0005EE              3FD
        BIGSFR           000F00-000F9B               9C
                         000F9D-000FD3               37
                         000FD5-000FDA                6
                         000FE0-000FE2                3
                         000FE8-000FEA                3
                         000FF0-000FFB                C
        CODE             000006-0005FF              5FA
                         001AD0-007D3F             2530
        COMRAM           000001-00005F               5F
        CONST            000006-0005FF              5FA
                         001AD0-007D3F             6270
        EEDATA           F00000-F000FF              100
        MEDIUMCONST      001AD0-007D3F             6270
        RAM              0001F2-0005EE              100
        SFR              000F00-000F9B               60
                         000F9D-000FD3               37
                         000FD5-000FDA                6
                         000FE0-000FE2                3
                         000FE8-000FEA                3
                         000FF0-000FFB                C
        SMALLCONST       001AD0-007D3F              100

                                  Symbol Table

?___wmul                                                       cstackBANK0  0000A0
?_atoi                                                         cstackBANK0  0000A7
?_isdigit                                                      cstackBANK0  0000A0
?_isspace                                                      cstackBANK0  0000A0
?_memset                                                       cstackBANK0  0000A0
?_strcmp                                                       cstackBANK0  0000A6
_ADCON1                                                        (abs)        000FC1
_PORTA                                                         (abs)        000F80
_PORTAbits                                                     (abs)        000F80
_PORTBbits                                                     (abs)        000F81
_PORTCbits                                                     (abs)        000F82
_PORTDbits                                                     (abs)        000F83
_RCIF                                                          (abs)        007CF5
_RCREG                                                         (abs)        000FAE
_RCSTAbits                                                     (abs)        000FAB
_SPBRG                                                         (abs)        000FAF
_TRISA                                                         (abs)        000F92
_TRISB                                                         (abs)        000F93
_TRISC                                                         (abs)        000F94
_TRISCbits                                                     (abs)        000F94
_TRISD                                                         (abs)        000F95
_TXREG                                                         (abs)        000FAD
_TXSTAbits                                                     (abs)        000FAC
__HRAM                                                         (abs)        000000
__Habs1                                                        abs1         000000
__Hbank0                                                       bank0        000000
__Hbank1                                                       bank1        000000
__Hbank2                                                       bank2        000000
__Hbank3                                                       bank3        000000
__Hbank4                                                       bank4        000000
__Hbank5                                                       bank5        000000
__Hbigbss                                                      bigbss       000000
__Hbigdata                                                     bigdata      000000
__Hbigram                                                      bigram       000000
__Hbigsfr                                                      bigsfr       000000
__Hbss                                                         bss          000000
__HbssBANK0                                                    bssBANK0     000000
__Hcinit                                                       cinit        000000
__Hclrtext                                                     clrtext      000000
__Hcomram                                                      comram       000000
__Hconfig                                                      config       30000E
__Hconst                                                       const        000000
__HcstackBANK0                                                 cstackBANK0  000000
__Hdata                                                        data         000000
__HdataBANK0                                                   dataBANK0    000000
__HdataBIGRAM                                                  dataBIGRAM   000000
__Heeprom_data                                                 eeprom_data  000000
__Hfarbss                                                      farbss       000000
__Hfardata                                                     fardata      000000
__Hheap                                                        heap         000000
__Hibigdata                                                    ibigdata     000000
__Hidata                                                       idata        000000
__HidataBANK0                                                  idataBANK0   000000
__HidataBIGRAM                                                 idataBIGRAM  000000
__Hidloc                                                       idloc        200008
__Hifardata                                                    ifardata     000000
__Hinit                                                        init         000006
__Hintcode                                                     intcode      000002
__Hintcode_body                                                intcode_body 000000
__Hintcodelo                                                   intcodelo    000002
__Hintentry                                                    intentry     000000
__Hintret                                                      intret       000000
__Hintsave_regs                                                intsave_regs 000000
__Hirdata                                                      irdata       000000
__Hmediumconst                                                 mediumconst  000000
__HnvFARRAM                                                    nvFARRAM     000000
__Hnvbit                                                       nvbit        000000
__Hnvrram                                                      nvrram       000000
__Hparam                                                       param0       000000
__Hparam0                                                      param0       000000
__Hpowerup                                                     powerup      000002
__Hram                                                         ram          000000
__Hramtop                                                      ramtop       000600
__Hrbit                                                        rbit         000000
__Hrbss                                                        rbss         000000
__Hrdata                                                       rdata        000000
__Hreset_vec                                                   reset_vec    000002
__Hsfr                                                         sfr          000000
__Hsmallconst                                                  smallconst   00065C
__Hspace_0                                                     (abs)        001AD0
__Hspace_1                                                     (abs)        0001F2
__Hspace_2                                                     (abs)        000000
__Hspace_4                                                     (abs)        60000E
__Hstack                                                       stack        000000
__Hstruct                                                      struct       000000
__Htemp                                                        temp         000000
__Htext                                                        text         000000
__Htext0                                                       text0        000000
__Htext1                                                       text1        000000
__Htext10                                                      text10       000000
__Htext11                                                      text11       000000
__Htext12                                                      text12       000000
__Htext13                                                      text13       000000
__Htext14                                                      text14       000000
__Htext15                                                      text15       000000
__Htext16                                                      text16       000000
__Htext17                                                      text17       000000
__Htext18                                                      text18       000000
__Htext19                                                      text19       000000
__Htext2                                                       text2        000000
__Htext20                                                      text20       000000
__Htext21                                                      text21       000000
__Htext22                                                      text22       000000
__Htext23                                                      text23       000000
__Htext24                                                      text24       000000
__Htext25                                                      text25       000000
__Htext26                                                      text26       000000
__Htext27                                                      text27       000000
__Htext28                                                      text28       000000
__Htext3                                                       text3        000000
__Htext4                                                       text4        000000
__Htext5                                                       text5        000000
__Htext6                                                       text6        000000
__Htext7                                                       text7        000000
__Htext8                                                       text8        000000
__Htext9                                                       text9        000000
__LRAM                                                         (abs)        000001
__Labs1                                                        abs1         000000
__Lbank0                                                       bank0        000000
__Lbank1                                                       bank1        000000
__Lbank2                                                       bank2        000000
__Lbank3                                                       bank3        000000
__Lbank4                                                       bank4        000000
__Lbank5                                                       bank5        000000
__Lbigbss                                                      bigbss       000000
__Lbigdata                                                     bigdata      000000
__Lbigram                                                      bigram       000000
__Lbigsfr                                                      bigsfr       000000
__Lbss                                                         bss          000000
__LbssBANK0                                                    bssBANK0     000000
__Lcinit                                                       cinit        000000
__Lclrtext                                                     clrtext      000000
__Lcomram                                                      comram       000000
__Lconfig                                                      config       000000
__Lconst                                                       const        000000
__LcstackBANK0                                                 cstackBANK0  000000
__Ldata                                                        data         000000
__LdataBANK0                                                   dataBANK0    000000
__LdataBIGRAM                                                  dataBIGRAM   000000
__Leeprom_data                                                 eeprom_data  000000
__Lfarbss                                                      farbss       000000
__Lfardata                                                     fardata      000000
__Lheap                                                        heap         000000
__Libigdata                                                    ibigdata     000000
__Lidata                                                       idata        000000
__LidataBANK0                                                  idataBANK0   000000
__LidataBIGRAM                                                 idataBIGRAM  000000
__Lidloc                                                       idloc        000000
__Lifardata                                                    ifardata     000000
__Linit                                                        init         000002
__Lintcode                                                     intcode      000002
__Lintcode_body                                                intcode_body 000000
__Lintcodelo                                                   intcodelo    000002
__Lintentry                                                    intentry     000000
__Lintret                                                      intret       000000
__Lintsave_regs                                                intsave_regs 000000
__Lirdata                                                      irdata       000000
__Lmediumconst                                                 mediumconst  000000
__LnvFARRAM                                                    nvFARRAM     000000
__Lnvbit                                                       nvbit        000000
__Lnvrram                                                      nvrram       000000
__Lparam                                                       param0       000000
__Lparam0                                                      param0       000000
__Lpowerup                                                     powerup      000002
__Lram                                                         ram          000000
__Lramtop                                                      ramtop       000600
__Lrbit                                                        rbit         000000
__Lrbss                                                        rbss         000000
__Lrdata                                                       rdata        000000
__Lreset_vec                                                   reset_vec    000000
__Lsfr                                                         sfr          000000
__Lsmallconst                                                  smallconst   000600
__Lspace_0                                                     (abs)        000000
__Lspace_1                                                     (abs)        000000
__Lspace_2                                                     (abs)        000000
__Lspace_4                                                     (abs)        000000
__Lstack                                                       stack        000000
__Lstruct                                                      struct       000000
__Ltemp                                                        temp         000000
__Ltext                                                        text         000000
__Ltext0                                                       text0        000000
__Ltext1                                                       text1        000000
__Ltext10                                                      text10       000000
__Ltext11                                                      text11       000000
__Ltext12                                                      text12       000000
__Ltext13                                                      text13       000000
__Ltext14                                                      text14       000000
__Ltext15                                                      text15       000000
__Ltext16                                                      text16       000000
__Ltext17                                                      text17       000000
__Ltext18                                                      text18       000000
__Ltext19                                                      text19       000000
__Ltext2                                                       text2        000000
__Ltext20                                                      text20       000000
__Ltext21                                                      text21       000000
__Ltext22                                                      text22       000000
__Ltext23                                                      text23       000000
__Ltext24                                                      text24       000000
__Ltext25                                                      text25       000000
__Ltext26                                                      text26       000000
__Ltext27                                                      text27       000000
__Ltext28                                                      text28       000000
__Ltext3                                                       text3        000000
__Ltext4                                                       text4        000000
__Ltext5                                                       text5        000000
__Ltext6                                                       text6        000000
__Ltext7                                                       text7        000000
__Ltext8                                                       text8        000000
__Ltext9                                                       text9        000000
__S0                                                           (abs)        001AD0
__S1                                                           (abs)        0001F2
__S4                                                           (abs)        000000
__S5                                                           (abs)        000000
___heap_hi                                                     (abs)        000000
___heap_lo                                                     (abs)        000000
___inthi_sp                                                    stack        000000
___intlo_sp                                                    stack        000000
___param_bank                                                  (abs)        000000
___rparam_used                                                 (abs)        000000
___sp                                                          stack        000000
___wmul                                                        text28       0019FC
___wmul@multiplicand                                           cstackBANK0  0000A2
___wmul@multiplier                                             cstackBANK0  0000A0
___wmul@product                                                cstackBANK0  0000A4
__accesstop                                                    (abs)        000060
__activetblptr                                                 (abs)        000003
__cntErrataNOP_C:\Users\jerem\AppData\Local\Temp\xcAsfto.o     (abs)        000001
__cntErrataNOP_dist/default/debug\lab2_jeremie_Hamel.X.debug.o (abs)        0000CE
__end_of___wmul                                                text28       001A28
__end_of__initialization                                       cinit        001940
__end_of_affiche                                               text16       000CFA
__end_of_atoi                                                  text12       00103C
__end_of_flashDEL                                              text15       001434
__end_of_gereTouche                                            text6        000AC8
__end_of_getch                                                 text11       001A6E
__end_of_initRegistres                                         text5        001A9A
__end_of_init_serie                                            text4        001A84
__end_of_isdigit                                               text14       00198A
__end_of_isspace                                               text13       001898
__end_of_kbhit                                                 text10       001A4C
__end_of_lcd_busy                                              text26       0017C8
__end_of_lcd_curseurHome                                       text22       001AB8
__end_of_lcd_ecrireDonnees                                     text25       001752
__end_of_lcd_ecritChar                                         text18       001662
__end_of_lcd_effaceAffichage                                   text21       001AAC
__end_of_lcd_gotoXY                                            text20       001568
__end_of_lcd_init                                              text1        0019FC
__end_of_lcd_initCGRam                                         text3        0012E6
__end_of_lcd_lireDonnees                                       text27       001ACE
__end_of_lcd_putMessage                                        text17       00122C
__end_of_lcd_resetSequence                                     text2        001836
__end_of_lcd_strobeEnableBit                                   text24       001AC4
__end_of_lcd_wrCom                                             text23       0014D0
__end_of_lcd_wrData                                            text19       0018F0
__end_of_main                                                  text0        001392
__end_of_memset                                                text9        000EC0
__end_of_strcmp                                                text8        0015E8
__end_of_verifNip                                              text7        0016DA
__initialization                                               cinit        0018F0
__mediumconst                                                  mediumconst  000000
__pbssBANK0                                                    bssBANK0     0000BF
__pcinit                                                       cinit        0018F0
__pcstackBANK0                                                 cstackBANK0  0000A0
__pdataBANK0                                                   dataBANK0    000060
__pdataBIGRAM                                                  dataBIGRAM   0000C6
__pidataBANK0                                                  idataBANK0   00198A
__pidataBIGRAM                                                 idataBIGRAM  00103C
__psmallconst                                                  smallconst   000600
__ptext0                                                       text0        0012E6
__ptext1                                                       text1        0019CA
__ptext10                                                      text10       001A28
__ptext11                                                      text11       001A4C
__ptext12                                                      text12       000EC0
__ptext13                                                      text13       001836
__ptext14                                                      text14       001946
__ptext15                                                      text15       001392
__ptext16                                                      text16       000AC8
__ptext17                                                      text17       001168
__ptext18                                                      text18       0015E8
__ptext19                                                      text19       001898
__ptext2                                                       text2        0017C8
__ptext20                                                      text20       0014D0
__ptext21                                                      text21       001A9A
__ptext22                                                      text22       001AAC
__ptext23                                                      text23       001434
__ptext24                                                      text24       001AB8
__ptext25                                                      text25       0016DA
__ptext26                                                      text26       001752
__ptext27                                                      text27       001AC4
__ptext28                                                      text28       0019FC
__ptext3                                                       text3        00122C
__ptext4                                                       text4        001A6E
__ptext5                                                       text5        001A84
__ptext6                                                       text6        00065C
__ptext7                                                       text7        001662
__ptext8                                                       text8        001568
__ptext9                                                       text9        000CFA
__ramtop                                                       ramtop       000600
__smallconst                                                   smallconst   000600
_affiche                                                       text16       000AC8
_atoi                                                          text12       000EC0
_flashDEL                                                      text15       001392
_gereTouche                                                    text6        00065C
_getch                                                         text11       001A4C
_initRegistres                                                 text5        001A84
_init_serie                                                    text4        001A6E
_isdigit                                                       text14       001946
_isspace                                                       text13       001836
_isspace$1206                                                  cstackBANK0  0000A6
_kbhit                                                         text10       001A28
_lcd_busy                                                      text26       001752
_lcd_curseurHome                                               text22       001AAC
_lcd_ecrireDonnees                                             text25       0016DA
_lcd_ecritChar                                                 text18       0015E8
_lcd_effaceAffichage                                           text21       001A9A
_lcd_gotoXY                                                    text20       0014D0
_lcd_init                                                      text1        0019CA
_lcd_initCGRam                                                 text3        00122C
_lcd_lireDonnees                                               text27       001AC4
_lcd_putMessage                                                text17       001168
_lcd_resetSequence                                             text2        0017C8
_lcd_strobeEnableBit                                           text24       001AB8
_lcd_wrCom                                                     text23       001434
_lcd_wrData                                                    text19       001898
_listeUsager                                                   dataBIGRAM   0000C6
_main                                                          text0        0012E6
_matCGRAM                                                      dataBANK0    000060
_memset                                                        text9        000CFA
_strcmp                                                        text8        001568
_verifNip                                                      text7        001662
affiche@etat                                                   cstackBANK0  0000B3
affiche@usager                                                 cstackBANK0  0000B5
atoi@n                                                         cstackBANK0  0000AF
atoi@neg                                                       cstackBANK0  0000AD
atoi@s                                                         cstackBANK0  0000A7
end_of_initialization                                          cinit        001940
flashDEL@i                                                     cstackBANK0  0000A2
gereTouche@etat                                                cstackBANK0  0000B2
gereTouche@indexNIP                                            bssBANK0     0000BF
gereTouche@nip                                                 bssBANK0     0000C1
gereTouche@touche                                              cstackBANK0  0000B8
gereTouche@usager                                              cstackBANK0  0000B4
getch@c                                                        cstackBANK0  0000A0
intlevel0                                                      text         001ACE
intlevel1                                                      text         001ACE
intlevel2                                                      text         001ACE
intlevel3                                                      text         001ACE
isa$std                                                        (abs)        000001
isa$xinst                                                      (abs)        000000
isdigit@c                                                      cstackBANK0  0000A0
isspace@c                                                      cstackBANK0  0000A0
lcd_busy@adresse                                               cstackBANK0  0000A2
lcd_ecrireDonnees@donnee                                       cstackBANK0  0000A1
lcd_ecritChar@car                                              cstackBANK0  0000A8
lcd_ecritChar@posRam                                           cstackBANK0  0000A9
lcd_gotoXY@x                                                   cstackBANK0  0000A9
lcd_gotoXY@y                                                   cstackBANK0  0000A6
lcd_initCGRam@i                                                cstackBANK0  0000A8
lcd_initCGRam@j                                                cstackBANK0  0000A9
lcd_putMessage@chaine                                          cstackBANK0  0000AA
lcd_putMessage@j                                               cstackBANK0  0000B2
lcd_wrCom@commande                                             cstackBANK0  0000A5
lcd_wrData@caractere                                           cstackBANK0  0000A4
main@etatAffiche                                               cstackBANK0  0000B9
main@etatCourant                                               cstackBANK0  0000BD
main@noUsagerCourant                                           cstackBANK0  0000BB
memset@c                                                       cstackBANK0  0000A2
memset@dest                                                    cstackBANK0  0000A0
memset@k                                                       cstackBANK0  0000A8
memset@n                                                       cstackBANK0  0000A4
memset@s                                                       cstackBANK0  0000AA
stackhi                                                        (abs)        000000
stacklo                                                        (abs)        000000
start                                                          init         000002
start_initialization                                           cinit        0018F0
strcmp@l                                                       cstackBANK0  0000A6
strcmp@r                                                       cstackBANK0  0000A8
verifNip@index                                                 cstackBANK0  0000B0
verifNip@no                                                    cstackBANK0  0000AE
verifNip@usager                                                cstackBANK0  0000AC


MODULE INFORMATION

Module		Function		Class		Link	Load	Size
C:\Program Files\Microchip\xc8\v2.36\pic\sources\c99\common\atoi.c
		_atoi          		CODE           	0EC0	0000	380

C:\Program Files\Microchip\xc8\v2.36\pic\sources\c99\common\atoi.c estimated size: 380

serie_458.c
		_init_serie    		CODE           	1A6E	0000	22
		_getch         		CODE           	1A4C	0000	34
		_kbhit         		CODE           	1A28	0000	36

serie_458.c estimated size: 92

C:\Program Files\Microchip\xc8\v2.36\pic\sources\c99\common\isspace.c
		_isspace       		CODE           	1836	0000	98

C:\Program Files\Microchip\xc8\v2.36\pic\sources\c99\common\isspace.c estimated size: 98

C:/Users/jerem/Documents/ecole/Prog/prog3.2/lab2_jeremie_Hamel.X/initialisation.c
		_initRegistres 		CODE           	1A84	0000	22

C:/Users/jerem/Documents/ecole/Prog/prog3.2/lab2_jeremie_Hamel.X/initialisation.c estimated size: 22

C:\Program Files\Microchip\xc8\v2.36\pic\sources\c99\common\strcmp.c
		_strcmp        		CODE           	1568	0000	128

C:\Program Files\Microchip\xc8\v2.36\pic\sources\c99\common\strcmp.c estimated size: 128

C:\Program Files\Microchip\xc8\v2.36\pic\sources\c99\common\memset.c
		_memset        		CODE           	0CFA	0000	454

C:\Program Files\Microchip\xc8\v2.36\pic\sources\c99\common\memset.c estimated size: 454

C:\Program Files\Microchip\xc8\v2.36\pic\sources\c99\common\isdigit.c
		_isdigit       		CODE           	1946	0000	68

C:\Program Files\Microchip\xc8\v2.36\pic\sources\c99\common\isdigit.c estimated size: 68

Lcd4Lignes.c
		_lcd_ecrireDonnees		CODE           	16DA	0000	120
		_lcd_busy      		CODE           	1752	0000	118
		_lcd_curseurHome		CODE           	1AAC	0000	12
		_lcd_initCGRam 		CODE           	122C	0000	186
		_lcd_effaceAffichage		CODE           	1A9A	0000	18
		_lcd_wrData    		CODE           	1898	0000	88
		_lcd_putMessage		CODE           	1168	0000	196
		_lcd_resetSequence		CODE           	17C8	0000	110
		_lcd_lireDonnees		CODE           	1AC4	0000	10
		_lcd_gotoXY    		CODE           	14D0	0000	152
		_lcd_wrCom     		CODE           	1434	0000	156
		_lcd_ecritChar 		CODE           	15E8	0000	122
		_lcd_init      		CODE           	19CA	0000	50
		_lcd_strobeEnableBit		CODE           	1AB8	0000	12

Lcd4Lignes.c estimated size: 1350

shared
		__initialization		CODE           	18F0	0000	80

shared estimated size: 80

main.c
		_affiche       		CODE           	0AC8	0000	562
		_verifNip      		CODE           	1662	0000	120
		_gereTouche    		CODE           	065C	0000	1132
		_flashDEL      		CODE           	1392	0000	162
		_main          		CODE           	12E6	0000	172

main.c estimated size: 2148

C:\Program Files\Microchip\xc8\v2.36\pic\sources\c99\common\Umul16.c
		___wmul        		CODE           	19FC	0000	44

C:\Program Files\Microchip\xc8\v2.36\pic\sources\c99\common\Umul16.c estimated size: 44

